#
# A fatal error has been detected by the Java Runtime Environment:
#
#  EXCEPTION_ACCESS_VIOLATION (0xc0000005) at pc=0x00007ffd1bc4687e, pid=15208, tid=21376
#
# JRE version: Java(TM) SE Runtime Environment (21.0.3+7) (build 21.0.3+7-LTS-152)
# Java VM: Java HotSpot(TM) 64-Bit Server VM (21.0.3+7-LTS-152, mixed mode, emulated-client, sharing, tiered, compressed oops, compressed class ptrs, g1 gc, windows-amd64)
# Problematic frame:
# V  [jvm.dll+0x31687e]
#
# No core dump will be written. Minidumps are not enabled by default on client versions of Windows
#
# If you would like to submit a bug report, please visit:
#   https://bugreport.java.com/bugreport/crash.jsp
#

---------------  S U M M A R Y ------------

Command Line: -XX:+ShowCodeDetailsInExceptionMessages -agentlib:jdwp=transport=dt_socket,suspend=y,address=localhost:52376 -Dcom.sun.management.jmxremote -Dcom.sun.management.jmxremote.port=52374 -Dcom.sun.management.jmxremote.authenticate=false -Dcom.sun.management.jmxremote.ssl=false -Djava.rmi.server.hostname=localhost -Dspring.jmx.enabled=true -Dmanagement.endpoints.jmx.exposure.include=* -Dspring.application.admin.enabled=true -Dspring.output.ansi.enabled=always -XX:TieredStopAtLevel=1 -Dspring.boot.project.name=cinema-booking-BE -javaagent:C:\Developer\sts-4.32.0.RELEASE\configuration\org.eclipse.osgi\272\0\.cp\lib\javaagent-shaded.jar -Dfile.encoding=UTF-8 -Dstdout.encoding=UTF-8 -Dstderr.encoding=UTF-8 CinemaBooking.Group2.CinemaBookingBeApplication

Host: 12th Gen Intel(R) Core(TM) i7-12650H, 16 cores, 15G,  Windows 11 , 64 bit Build 26100 (10.0.26100.7920)
Time: Thu Mar 12 19:54:23 2026 SE Asia Standard Time elapsed time: 962.882690 seconds (0d 0h 16m 2s)

---------------  T H R E A D  ---------------

Current thread (0x000002139bc6a9c0):  WorkerThread "GC Thread#9"    [id=21376, stack(0x00000052d6500000,0x00000052d6600000) (1024K)]

Stack: [0x00000052d6500000,0x00000052d6600000],  sp=0x00000052d65fdf10,  free space=1015k
Native frames: (J=compiled Java code, j=interpreted, Vv=VM code, C=native code)
V  [jvm.dll+0x31687e]
V  [jvm.dll+0x33c399]
V  [jvm.dll+0x33c302]
V  [jvm.dll+0x31124b]
V  [jvm.dll+0x310c9d]
V  [jvm.dll+0x3e9b55]
V  [jvm.dll+0x7fa366]
V  [jvm.dll+0x803c71]
V  [jvm.dll+0x3612aa]
V  [jvm.dll+0x361364]
V  [jvm.dll+0x340ce3]
V  [jvm.dll+0x87d0e7]
V  [jvm.dll+0x7f9ffb]
V  [jvm.dll+0x6c4a9d]
C  [ucrtbase.dll+0x37b0]
C  [KERNEL32.DLL+0x2e8d7]
C  [ntdll.dll+0x8c48c]

JavaThread 0x000002139e02e530 (nid = 26160) was being processed
Java frames: (J=compiled Java code, j=interpreted, Vv=VM code)
j  java.lang.invoke.DirectMethodHandle$Holder.invokeVirtual(Ljava/lang/Object;Ljava/lang/Object;)Ljava/lang/Object;+10 java.base@21.0.3
J 2991 c1 java.lang.invoke.LambdaForm$MH+0x0000021357001c00.invoke(Ljava/lang/Object;Ljava/lang/Object;)Ljava/lang/Object; java.base@21.0.3 (35 bytes) @ 0x000002134a6b8d6c [0x000002134a6b8c60+0x000000000000010c]
J 5205 c1 jdk.internal.reflect.DirectMethodHandleAccessor.invoke(Ljava/lang/Object;[Ljava/lang/Object;)Ljava/lang/Object; java.base@21.0.3 (92 bytes) @ 0x000002134aa9e0bc [0x000002134aa9dd40+0x000000000000037c]
J 5364 c1 java.lang.reflect.Method.invoke(Ljava/lang/Object;[Ljava/lang/Object;)Ljava/lang/Object; java.base@21.0.3 (108 bytes) @ 0x000002134aaeaaf4 [0x000002134aaea900+0x00000000000001f4]
j  org.springframework.web.method.support.InvocableHandlerMethod.doInvoke([Ljava/lang/Object;)Ljava/lang/Object;+55
j  org.springframework.web.method.support.InvocableHandlerMethod.invokeForRequest(Lorg/springframework/web/context/request/NativeWebRequest;Lorg/springframework/web/method/support/ModelAndViewContainer;[Ljava/lang/Object;)Ljava/lang/Object;+82
j  org.springframework.web.servlet.mvc.method.annotation.ServletInvocableHandlerMethod.invokeAndHandle(Lorg/springframework/web/context/request/ServletWebRequest;Lorg/springframework/web/method/support/ModelAndViewContainer;[Ljava/lang/Object;)V+4
j  org.springframework.web.servlet.mvc.method.annotation.RequestMappingHandlerAdapter.invokeHandlerMethod(Ljakarta/servlet/http/HttpServletRequest;Ljakarta/servlet/http/HttpServletResponse;Lorg/springframework/web/method/HandlerMethod;)Lorg/springframework/web/servlet/ModelAndView;+300
j  org.springframework.web.servlet.mvc.method.annotation.RequestMappingHandlerAdapter.handleInternal(Ljakarta/servlet/http/HttpServletRequest;Ljakarta/servlet/http/HttpServletResponse;Lorg/springframework/web/method/HandlerMethod;)Lorg/springframework/web/servlet/ModelAndView;+81
j  org.springframework.web.servlet.mvc.method.AbstractHandlerMethodAdapter.handle(Ljakarta/servlet/http/HttpServletRequest;Ljakarta/servlet/http/HttpServletResponse;Ljava/lang/Object;)Lorg/springframework/web/servlet/ModelAndView;+7
j  org.springframework.web.servlet.DispatcherServlet.doDispatch(Ljakarta/servlet/http/HttpServletRequest;Ljakarta/servlet/http/HttpServletResponse;)V+184
j  org.springframework.web.servlet.DispatcherServlet.doService(Ljakarta/servlet/http/HttpServletRequest;Ljakarta/servlet/http/HttpServletResponse;)V+216
j  org.springframework.web.servlet.FrameworkServlet.processRequest(Ljakarta/servlet/http/HttpServletRequest;Ljakarta/servlet/http/HttpServletResponse;)V+70
j  org.springframework.web.servlet.FrameworkServlet.doGet(Ljakarta/servlet/http/HttpServletRequest;Ljakarta/servlet/http/HttpServletResponse;)V+3
j  jakarta.servlet.http.HttpServlet.service(Ljakarta/servlet/http/HttpServletRequest;Ljakarta/servlet/http/HttpServletResponse;)V+287
j  org.springframework.web.servlet.FrameworkServlet.service(Ljakarta/servlet/http/HttpServletRequest;Ljakarta/servlet/http/HttpServletResponse;)V+20
j  jakarta.servlet.http.HttpServlet.service(Ljakarta/servlet/ServletRequest;Ljakarta/servlet/ServletResponse;)V+37
j  org.apache.catalina.core.ApplicationFilterChain.doFilter(Ljakarta/servlet/ServletRequest;Ljakarta/servlet/ServletResponse;)V+162
j  org.apache.tomcat.websocket.server.WsFilter.doFilter(Ljakarta/servlet/ServletRequest;Ljakarta/servlet/ServletResponse;Ljakarta/servlet/FilterChain;)V+21
j  org.apache.catalina.core.ApplicationFilterChain.doFilter(Ljakarta/servlet/ServletRequest;Ljakarta/servlet/ServletResponse;)V+69
j  org.springframework.web.filter.OncePerRequestFilter.doFilter(Ljakarta/servlet/ServletRequest;Ljakarta/servlet/ServletResponse;Ljakarta/servlet/FilterChain;)V+125
j  org.apache.catalina.core.ApplicationFilterChain.doFilter(Ljakarta/servlet/ServletRequest;Ljakarta/servlet/ServletResponse;)V+69
j  org.springframework.web.filter.CompositeFilter$VirtualFilterChain.doFilter(Ljakarta/servlet/ServletRequest;Ljakarta/servlet/ServletResponse;)V+22
j  org.springframework.security.web.FilterChainProxy.lambda$doFilterInternal$3(Lorg/springframework/security/web/firewall/FirewalledRequest;Ljakarta/servlet/FilterChain;Ljakarta/servlet/ServletRequest;Ljakarta/servlet/ServletResponse;)V+35
j  org.springframework.security.web.FilterChainProxy$$Lambda+0x0000021357733880.doFilter(Ljakarta/servlet/ServletRequest;Ljakarta/servlet/ServletResponse;)V+10
j  org.springframework.security.web.FilterChainProxy$VirtualFilterChain.doFilter(Ljakarta/servlet/ServletRequest;Ljakarta/servlet/ServletResponse;)V+17
j  org.springframework.security.web.access.intercept.AuthorizationFilter.doFilter(Ljakarta/servlet/ServletRequest;Ljakarta/servlet/ServletResponse;Ljakarta/servlet/FilterChain;)V+147
j  org.springframework.security.web.FilterChainProxy$VirtualFilterChain.doFilter(Ljakarta/servlet/ServletRequest;Ljakarta/servlet/ServletResponse;)V+105
j  org.springframework.security.web.access.ExceptionTranslationFilter.doFilter(Ljakarta/servlet/http/HttpServletRequest;Ljakarta/servlet/http/HttpServletResponse;Ljakarta/servlet/FilterChain;)V+3
j  org.springframework.security.web.access.ExceptionTranslationFilter.doFilter(Ljakarta/servlet/ServletRequest;Ljakarta/servlet/ServletResponse;Ljakarta/servlet/FilterChain;)V+10
j  org.springframework.security.web.FilterChainProxy$VirtualFilterChain.doFilter(Ljakarta/servlet/ServletRequest;Ljakarta/servlet/ServletResponse;)V+105
j  org.springframework.security.web.authentication.AnonymousAuthenticationFilter.doFilter(Ljakarta/servlet/ServletRequest;Ljakarta/servlet/ServletResponse;Ljakarta/servlet/FilterChain;)V+33
j  org.springframework.security.web.FilterChainProxy$VirtualFilterChain.doFilter(Ljakarta/servlet/ServletRequest;Ljakarta/servlet/ServletResponse;)V+105
j  org.springframework.security.web.servletapi.SecurityContextHolderAwareRequestFilter.doFilter(Ljakarta/servlet/ServletRequest;Ljakarta/servlet/ServletResponse;Ljakarta/servlet/FilterChain;)V+19
j  org.springframework.security.web.FilterChainProxy$VirtualFilterChain.doFilter(Ljakarta/servlet/ServletRequest;Ljakarta/servlet/ServletResponse;)V+105
j  org.springframework.security.web.savedrequest.RequestCacheAwareFilter.doFilter(Ljakarta/servlet/ServletRequest;Ljakarta/servlet/ServletResponse;Ljakarta/servlet/FilterChain;)V+32
j  org.springframework.security.web.FilterChainProxy$VirtualFilterChain.doFilter(Ljakarta/servlet/ServletRequest;Ljakarta/servlet/ServletResponse;)V+105
j  CinemaBooking.Group2.security.JwtAuthFilter.doFilterInternal(Ljakarta/servlet/http/HttpServletRequest;Ljakarta/servlet/http/HttpServletResponse;Ljakarta/servlet/FilterChain;)V+255
j  org.springframework.web.filter.OncePerRequestFilter.doFilter(Ljakarta/servlet/ServletRequest;Ljakarta/servlet/ServletResponse;Ljakarta/servlet/FilterChain;)V+150
j  org.springframework.security.web.FilterChainProxy$VirtualFilterChain.doFilter(Ljakarta/servlet/ServletRequest;Ljakarta/servlet/ServletResponse;)V+105
j  org.springframework.security.web.authentication.logout.LogoutFilter.doFilter(Ljakarta/servlet/http/HttpServletRequest;Ljakarta/servlet/http/HttpServletResponse;Ljakarta/servlet/FilterChain;)V+83
j  org.springframework.security.web.authentication.logout.LogoutFilter.doFilter(Ljakarta/servlet/ServletRequest;Ljakarta/servlet/ServletResponse;Ljakarta/servlet/FilterChain;)V+10
j  org.springframework.security.web.FilterChainProxy$VirtualFilterChain.doFilter(Ljakarta/servlet/ServletRequest;Ljakarta/servlet/ServletResponse;)V+105
j  org.springframework.web.filter.CorsFilter.doFilterInternal(Ljakarta/servlet/http/HttpServletRequest;Ljakarta/servlet/http/HttpServletResponse;Ljakarta/servlet/FilterChain;)V+43
j  org.springframework.web.filter.OncePerRequestFilter.doFilter(Ljakarta/servlet/ServletRequest;Ljakarta/servlet/ServletResponse;Ljakarta/servlet/FilterChain;)V+150
j  org.springframework.security.web.FilterChainProxy$VirtualFilterChain.doFilter(Ljakarta/servlet/ServletRequest;Ljakarta/servlet/ServletResponse;)V+105
j  org.springframework.security.web.header.HeaderWriterFilter.doHeadersAfter(Ljakarta/servlet/http/HttpServletRequest;Ljakarta/servlet/http/HttpServletResponse;Ljakarta/servlet/FilterChain;)V+29
j  org.springframework.security.web.header.HeaderWriterFilter.doFilterInternal(Ljakarta/servlet/http/HttpServletRequest;Ljakarta/servlet/http/HttpServletResponse;Ljakarta/servlet/FilterChain;)V+21
j  org.springframework.web.filter.OncePerRequestFilter.doFilter(Ljakarta/servlet/ServletRequest;Ljakarta/servlet/ServletResponse;Ljakarta/servlet/FilterChain;)V+150
j  org.springframework.security.web.FilterChainProxy$VirtualFilterChain.doFilter(Ljakarta/servlet/ServletRequest;Ljakarta/servlet/ServletResponse;)V+105
j  org.springframework.security.web.context.SecurityContextHolderFilter.doFilter(Ljakarta/servlet/http/HttpServletRequest;Ljakarta/servlet/http/HttpServletResponse;Ljakarta/servlet/FilterChain;)V+59
j  org.springframework.security.web.context.SecurityContextHolderFilter.doFilter(Ljakarta/servlet/ServletRequest;Ljakarta/servlet/ServletResponse;Ljakarta/servlet/FilterChain;)V+10
j  org.springframework.security.web.FilterChainProxy$VirtualFilterChain.doFilter(Ljakarta/servlet/ServletRequest;Ljakarta/servlet/ServletResponse;)V+105
j  org.springframework.security.web.context.request.async.WebAsyncManagerIntegrationFilter.doFilterInternal(Ljakarta/servlet/http/HttpServletRequest;Ljakarta/servlet/http/HttpServletResponse;Ljakarta/servlet/FilterChain;)V+55
j  org.springframework.web.filter.OncePerRequestFilter.doFilter(Ljakarta/servlet/ServletRequest;Ljakarta/servlet/ServletResponse;Ljakarta/servlet/FilterChain;)V+150
j  org.springframework.security.web.FilterChainProxy$VirtualFilterChain.doFilter(Ljakarta/servlet/ServletRequest;Ljakarta/servlet/ServletResponse;)V+105
j  org.springframework.security.web.session.DisableEncodeUrlFilter.doFilterInternal(Ljakarta/servlet/http/HttpServletRequest;Ljakarta/servlet/http/HttpServletResponse;Ljakarta/servlet/FilterChain;)V+10
j  org.springframework.web.filter.OncePerRequestFilter.doFilter(Ljakarta/servlet/ServletRequest;Ljakarta/servlet/ServletResponse;Ljakarta/servlet/FilterChain;)V+150
j  org.springframework.security.web.FilterChainProxy$VirtualFilterChain.doFilter(Ljakarta/servlet/ServletRequest;Ljakarta/servlet/ServletResponse;)V+105
j  org.springframework.security.web.FilterChainProxy.doFilterInternal(Ljakarta/servlet/ServletRequest;Ljakarta/servlet/ServletResponse;Ljakarta/servlet/FilterChain;)V+163
j  org.springframework.security.web.FilterChainProxy.doFilter(Ljakarta/servlet/ServletRequest;Ljakarta/servlet/ServletResponse;Ljakarta/servlet/FilterChain;)V+48
j  org.springframework.web.filter.CompositeFilter$VirtualFilterChain.doFilter(Ljakarta/servlet/ServletRequest;Ljakarta/servlet/ServletResponse;)V+63
j  org.springframework.web.filter.ServletRequestPathFilter.doFilter(Ljakarta/servlet/ServletRequest;Ljakarta/servlet/ServletResponse;Ljakarta/servlet/FilterChain;)V+25
j  org.springframework.web.filter.CompositeFilter$VirtualFilterChain.doFilter(Ljakarta/servlet/ServletRequest;Ljakarta/servlet/ServletResponse;)V+63
j  org.springframework.web.filter.CompositeFilter.doFilter(Ljakarta/servlet/ServletRequest;Ljakarta/servlet/ServletResponse;Ljakarta/servlet/FilterChain;)V+14
j  org.springframework.security.config.annotation.web.configuration.WebSecurityConfiguration$CompositeFilterChainProxy.doFilter(Ljakarta/servlet/ServletRequest;Ljakarta/servlet/ServletResponse;Ljakarta/servlet/FilterChain;)V+7
j  org.springframework.web.filter.DelegatingFilterProxy.invokeDelegate(Ljakarta/servlet/Filter;Ljakarta/servlet/ServletRequest;Ljakarta/servlet/ServletResponse;Ljakarta/servlet/FilterChain;)V+5
j  org.springframework.web.filter.DelegatingFilterProxy.doFilter(Ljakarta/servlet/ServletRequest;Ljakarta/servlet/ServletResponse;Ljakarta/servlet/FilterChain;)V+98
j  org.apache.catalina.core.ApplicationFilterChain.doFilter(Ljakarta/servlet/ServletRequest;Ljakarta/servlet/ServletResponse;)V+69
j  org.springframework.web.filter.RequestContextFilter.doFilterInternal(Ljakarta/servlet/http/HttpServletRequest;Ljakarta/servlet/http/HttpServletResponse;Ljakarta/servlet/FilterChain;)V+21
j  org.springframework.web.filter.OncePerRequestFilter.doFilter(Ljakarta/servlet/ServletRequest;Ljakarta/servlet/ServletResponse;Ljakarta/servlet/FilterChain;)V+150
j  org.apache.catalina.core.ApplicationFilterChain.doFilter(Ljakarta/servlet/ServletRequest;Ljakarta/servlet/ServletResponse;)V+69
j  org.springframework.web.filter.FormContentFilter.doFilterInternal(Ljakarta/servlet/http/HttpServletRequest;Ljakarta/servlet/http/HttpServletResponse;Ljakarta/servlet/FilterChain;)V+38
j  org.springframework.web.filter.OncePerRequestFilter.doFilter(Ljakarta/servlet/ServletRequest;Ljakarta/servlet/ServletResponse;Ljakarta/servlet/FilterChain;)V+150
j  org.apache.catalina.core.ApplicationFilterChain.doFilter(Ljakarta/servlet/ServletRequest;Ljakarta/servlet/ServletResponse;)V+69
j  org.springframework.web.filter.CharacterEncodingFilter.doFilterInternal(Ljakarta/servlet/http/HttpServletRequest;Ljakarta/servlet/http/HttpServletResponse;Ljakarta/servlet/FilterChain;)V+53
j  org.springframework.web.filter.OncePerRequestFilter.doFilter(Ljakarta/servlet/ServletRequest;Ljakarta/servlet/ServletResponse;Ljakarta/servlet/FilterChain;)V+150
j  org.apache.catalina.core.ApplicationFilterChain.doFilter(Ljakarta/servlet/ServletRequest;Ljakarta/servlet/ServletResponse;)V+69
j  org.apache.catalina.core.StandardWrapperValve.invoke(Lorg/apache/catalina/connector/Request;Lorg/apache/catalina/connector/Response;)V+510
j  org.apache.catalina.core.StandardContextValve.invoke(Lorg/apache/catalina/connector/Request;Lorg/apache/catalina/connector/Response;)V+124
j  org.apache.catalina.authenticator.AuthenticatorBase.invoke(Lorg/apache/catalina/connector/Request;Lorg/apache/catalina/connector/Response;)V+221
j  org.apache.catalina.core.StandardHostValve.invoke(Lorg/apache/catalina/connector/Request;Lorg/apache/catalina/connector/Response;)V+125
j  org.apache.catalina.valves.ErrorReportValve.invoke(Lorg/apache/catalina/connector/Request;Lorg/apache/catalina/connector/Response;)V+6
j  org.apache.catalina.core.StandardEngineValve.invoke(Lorg/apache/catalina/connector/Request;Lorg/apache/catalina/connector/Response;)V+59
j  org.apache.catalina.connector.CoyoteAdapter.service(Lorg/apache/coyote/Request;Lorg/apache/coyote/Response;)V+179
j  org.apache.coyote.http11.Http11Processor.service(Lorg/apache/tomcat/util/net/SocketWrapperBase;)Lorg/apache/tomcat/util/net/AbstractEndpoint$Handler$SocketState;+796
j  org.apache.coyote.AbstractProcessorLight.process(Lorg/apache/tomcat/util/net/SocketWrapperBase;Lorg/apache/tomcat/util/net/SocketEvent;)Lorg/apache/tomcat/util/net/AbstractEndpoint$Handler$SocketState;+155
j  org.apache.coyote.AbstractProtocol$ConnectionHandler.process(Lorg/apache/tomcat/util/net/SocketWrapperBase;Lorg/apache/tomcat/util/net/SocketEvent;)Lorg/apache/tomcat/util/net/AbstractEndpoint$Handler$SocketState;+477
j  org.apache.tomcat.util.net.NioEndpoint$SocketProcessor.doRun()V+222
j  org.apache.tomcat.util.net.SocketProcessorBase.run()V+32
j  org.apache.tomcat.util.threads.ThreadPoolExecutor.runWorker(Lorg/apache/tomcat/util/threads/ThreadPoolExecutor$Worker;)V+92
j  org.apache.tomcat.util.threads.ThreadPoolExecutor$Worker.run()V+5
j  org.apache.tomcat.util.threads.TaskThread$WrappingRunnable.run()V+4
j  java.lang.Thread.runWith(Ljava/lang/Object;Ljava/lang/Runnable;)V+5 java.base@21.0.3
j  java.lang.Thread.run()V+19 java.base@21.0.3
v  ~StubRoutines::call_stub 0x0000021349d6100d

siginfo: EXCEPTION_ACCESS_VIOLATION (0xc0000005), reading address 0x000002147df97ef8


Registers:
RAX=0x000002134eaf0000, RBX=0x000002134034c660, RCX=0x0000000000000036, RDX=0x0000000000000001
RSP=0x00000052d65fdf10, RBP=0x00000052d65fe0b0, RSI=0x00000052d65fe280, RDI=0x000000097a53f7f6
R8 =0x000002147df97ef8, R9 =0x0000021356727cd0, R10=0x0000021349d60000, R11=0x00000052d65fe128
R12=0x0000021356544490, R13=0x000002139b8f22e0, R14=0x000002139bdbc5b0, R15=0x0000000000000000
RIP=0x00007ffd1bc4687e, EFLAGS=0x0000000000010206


Register to memory mapping:

RAX=0x000002134eaf0000 points into unknown readable memory: 0x1209102424490091 | 91 00 49 24 24 10 09 12
RBX=0x000002134034c660 points into unknown readable memory: 0x00007ffd1c2fac38 | 38 ac 2f 1c fd 7f 00 00
RCX=0x0000000000000036 is an unknown value
RDX=0x0000000000000001 is an unknown value
RSP=0x00000052d65fdf10 points into unknown readable memory: 0x000002134a50fa50 | 50 fa 50 4a 13 02 00 00
RBP=0x00000052d65fe0b0 points into unknown readable memory: 0x0000005200000000 | 00 00 00 00 52 00 00 00
RSI=0x00000052d65fe280 points into unknown readable memory: 0x00000052d73fbfa8 | a8 bf 3f d7 52 00 00 00
RDI=0x000000097a53f7f6 is an unknown value
R8 =0x000002147df97ef8 is an unknown value
R9 =0x0000021356727cd0 is pointing into metadata
R10=0x0000021349d60000 points into unknown readable memory: 0x0000000000000006 | 06 00 00 00 00 00 00 00
R11=0x00000052d65fe128 points into unknown readable memory: 0x00007ffd1bc40c9d | 9d 0c c4 1b fd 7f 00 00
R12=0x0000021356544490 is pointing into metadata
R13=0x000002139b8f22e0 points into unknown readable memory: 0x0000000000000000 | 00 00 00 00 00 00 00 00
R14=0x000002139bdbc5b0 points into unknown readable memory: 0x0000000000000002 | 02 00 00 00 00 00 00 00
R15=0x0 is null

Top of Stack: (sp=0x00000052d65fdf10)
0x00000052d65fdf10:   000002134a50fa50 00007ffd1c06f0a2
0x00000052d65fdf20:   0000000707500f48 00000022fff86311
0x00000052d65fdf30:   000002139c1492d0 00007ffd1bc6c399
0x00000052d65fdf40:   00000052d73fbfb0 00007ffd1c06f0a2
0x00000052d65fdf50:   0000000000000000 00000052d65fe280
0x00000052d65fdf60:   0000000000000010 00007ffd1bfe4cf9
0x00000052d65fdf70:   000002139c1492d0 00007ffd1bc6c302
0x00000052d65fdf80:   00000052d65fe040 00000052d73fbfb0
0x00000052d65fdf90:   0000021356480090 0000000000000000
0x00000052d65fdfa0:   0000000000000001 00007ffd1bc4124b
0x00000052d65fdfb0:   000002139c149880 00000213560b4c78
0x00000052d65fdfc0:   000002139c149880 00000052d65fe280
0x00000052d65fdfd0:   0000000a9c149201 00000213560b4c78
0x00000052d65fdfe0:   000002139bc6a9c0 0000021300000003
0x00000052d65fdff0:   00000000000003d8 000002139b8f22f0
0x00000052d65fe000:   000002139b8f26c8 000002135672b60a
0x00000052d65fe010:   00000213000000b8 00000213560b4c78
0x00000052d65fe020:   00007ffd1c2f68c0 00000052d65fe280
0x00000052d65fe030:   000002139c149880 0000000400000003
0x00000052d65fe040:   0000021356544490 0000001300000001
0x00000052d65fe050:   0000000000000043 000000010000000c
0x00000052d65fe060:   0000021356480090 0000000000000000
0x00000052d65fe070:   000002139d2862fc 0000021300000002
0x00000052d65fe080:   000002139c1492d0 00007ffd1bc6c399
0x00000052d65fe090:   0000000707a0ada0 000002139c149880
0x00000052d65fe0a0:   0000021356017600 000000069b8f0013
0x00000052d65fe0b0:   0000005200000000 0000000000000015
0x00000052d65fe0c0:   000002139c1492d0 00007ffd1bc6c302
0x00000052d65fe0d0:   0000000000000000 0000000707a0ada0
0x00000052d65fe0e0:   000061bfab8bcbeb 00000052d65ff760
0x00000052d65fe0f0:   000002139c149880 00000000000003d8
0x00000052d65fe100:   000002139b8f26c8 00000052d65fe280 

Instructions: (pc=0x00007ffd1bc4687e)
0x00007ffd1bc4677e:   38 f0 4c 01 04 c8 48 c7 42 08 00 00 00 00 44 89
0x00007ffd1bc4678e:   12 49 ff 41 58 4c 01 5a 08 e9 4a ff ff ff 49 ff
0x00007ffd1bc4679e:   41 50 4c 01 5a 08 e9 3d ff ff ff cc cc cc cc cc
0x00007ffd1bc467ae:   cc cc 48 89 5c 24 08 57 48 83 ec 20 48 8b 01 48
0x00007ffd1bc467be:   8b fa 48 8b d9 ff 50 08 4c 8b c8 48 85 c0 74 66
0x00007ffd1bc467ce:   4c 8b 40 10 4c 2b 00 48 c7 40 28 00 00 00 00 4c
0x00007ffd1bc467de:   89 43 18 48 8b 50 10 48 8b 48 08 48 8b c7 48 2b
0x00007ffd1bc467ee:   ca 48 c1 e9 03 48 3b cf 48 0f 42 c1 48 3b c7 72
0x00007ffd1bc467fe:   1e 48 8d 04 c2 49 89 41 10 90 ff 43 10 48 8b c2
0x00007ffd1bc4680e:   4c 89 4b 08 48 8b 5c 24 30 48 83 c4 20 5f c3 33
0x00007ffd1bc4681e:   d2 90 ff 43 10 8b c2 4c 89 4b 08 48 8b 5c 24 30
0x00007ffd1bc4682e:   48 83 c4 20 5f c3 48 8b 5c 24 30 48 83 c4 20 5f
0x00007ffd1bc4683e:   c3 cc 48 89 5c 24 08 57 48 83 ec 20 48 8b 01 48
0x00007ffd1bc4684e:   8b fa 48 8b d9 ff 10 48 2b 7b 08 8b 4b 18 48 8b
0x00007ffd1bc4685e:   43 20 48 c1 ef 03 48 d3 ef 40 0f b6 cf 48 8b d7
0x00007ffd1bc4686e:   48 c1 ea 06 80 e1 3f 4c 8d 04 d0 ba 01 00 00 00
0x00007ffd1bc4687e:   49 8b 00 48 d3 e2 48 8b c8 48 0b ca 48 3b c8 74
0x00007ffd1bc4688e:   13 90 f0 49 0f b1 08 74 18 48 8b c8 48 0b ca 48
0x00007ffd1bc4689e:   3b c8 75 ee 32 c0 48 8b 5c 24 30 48 83 c4 20 5f
0x00007ffd1bc468ae:   c3 48 8b 5c 24 30 b0 01 48 83 c4 20 5f c3 cc cc
0x00007ffd1bc468be:   cc cc 48 89 5c 24 08 57 48 83 ec 20 4c 8b 41 30
0x00007ffd1bc468ce:   48 8b da 48 8b f9 45 8b 88 80 00 00 00 41 8b 80
0x00007ffd1bc468de:   00 01 00 00 41 8b d1 2b d0 81 e2 ff ff 01 00 81
0x00007ffd1bc468ee:   fa fe ff 01 00 73 26 49 8b 80 80 01 00 00 4a 89
0x00007ffd1bc468fe:   1c c8 41 8d 41 01 25 ff ff 01 00 41 89 80 80 00
0x00007ffd1bc4690e:   00 00 48 8b 5c 24 30 48 83 c4 20 5f c3 e8 a0 92
0x00007ffd1bc4691e:   01 00 48 8b 57 30 44 8b 82 80 00 00 00 8b 82 00
0x00007ffd1bc4692e:   01 00 00 41 8b c8 2b c8 81 e1 ff ff 01 00 81 f9
0x00007ffd1bc4693e:   fe ff 01 00 73 1a 48 8b 82 80 01 00 00 4a 89 1c
0x00007ffd1bc4694e:   c0 41 8d 40 01 25 ff ff 01 00 89 82 80 00 00 00
0x00007ffd1bc4695e:   48 8b 5c 24 30 48 83 c4 20 5f c3 cc cc cc cc cc
0x00007ffd1bc4696e:   cc cc 48 89 5c 24 08 57 48 83 ec 20 48 8b 79 08 


Stack slot to memory mapping:

stack at sp + 0 slots: 0x000002134a50fa50 is at entry_point+-16 in (nmethod*)0x000002134a50f810
Compiled method (c1)  962973 1913   !   1       java.lang.ref.ReferenceQueue::remove (61 bytes)
 total in heap  [0x000002134a50f810,0x000002134a5102a0] = 2704
 relocation     [0x000002134a50f970,0x000002134a50fa50] = 224
 main code      [0x000002134a50fa60,0x000002134a50fe90] = 1072
 stub code      [0x000002134a50fe90,0x000002134a50ff58] = 200
 metadata       [0x000002134a50ff58,0x000002134a50ffb0] = 88
 scopes data    [0x000002134a50ffb0,0x000002134a5100e0] = 304
 scopes pcs     [0x000002134a5100e0,0x000002134a510230] = 336
 dependencies   [0x000002134a510230,0x000002134a510250] = 32
 handler table  [0x000002134a510250,0x000002134a510268] = 24
 nul chk table  [0x000002134a510268,0x000002134a5102a0] = 56
stack at sp + 1 slots: 0x00007ffd1c06f0a2 jvm.dll
stack at sp + 2 slots: 0x0000000707500f48 is an oop: java.util.concurrent.ThreadPoolExecutor$Worker 
{0x0000000707500f48} - klass: 'java/util/concurrent/ThreadPoolExecutor$Worker'
 - ---- fields (total size 6 words):
 - private transient 'exclusiveOwnerThread' 'Ljava/lang/Thread;' @12  null (0x00000000)
 - private volatile 'state' 'I' @16  0 (0x00000000)
 - private volatile transient 'head' 'Ljava/util/concurrent/locks/AbstractQueuedSynchronizer$Node;' @20  null (0x00000000)
 - private volatile transient 'tail' 'Ljava/util/concurrent/locks/AbstractQueuedSynchronizer$Node;' @24  null (0x00000000)
 - final 'thread' 'Ljava/lang/Thread;' @28  a 'org/apache/tomcat/util/threads/TaskThread'{0x0000000707a0ada0} (0xe0f415b4)
 - volatile 'completedTasks' 'J' @32  82 (0x0000000000000052)
 - 'firstTask' 'Ljava/lang/Runnable;' @40  null (0x00000000)
 - final synthetic 'this$0' 'Ljava/util/concurrent/ThreadPoolExecutor;' @44  a 'java/util/concurrent/ScheduledThreadPoolExecutor'{0x0000000707a2b6d0} (0xe0f456da)
stack at sp + 3 slots: 0x00000022fff86311 is an unknown value
stack at sp + 4 slots: 0x000002139c1492d0 points into unknown readable memory: 0x00000052d47fee80 | 80 ee 7f d4 52 00 00 00
stack at sp + 5 slots: 0x00007ffd1bc6c399 jvm.dll
stack at sp + 6 slots: 0x00000052d73fbfb0 is pointing into the stack for thread: 0x000002139e02e530
stack at sp + 7 slots: 0x00007ffd1c06f0a2 jvm.dll


---------------  P R O C E S S  ---------------

Threads class SMR info:
_java_thread_list=0x000002139ec03300, length=24, elements={
0x000002135594a260, 0x000002135594adc0, 0x0000021355954560, 0x0000021355955fd0,
0x000002135595a580, 0x000002135595c4a0, 0x0000021355962720, 0x0000021355c37620,
0x0000021355d83330, 0x0000021355d8d310, 0x0000021355d91ed0, 0x000002139b628730,
0x000002139b8d4b40, 0x000002139b8d88b0, 0x000002139b974b50, 0x000002139c10d490,
0x000002139c0ffca0, 0x000002139c149960, 0x000002139c147f20, 0x000002139e02bdd0,
0x000002139e02d180, 0x000002139e02a390, 0x000002139e02e530, 0x000002139c147200
}
_to_delete_list=0x000002139ddf8c90
Skipping _to_delete_list fields and contents for safety.

Java Threads: ( => current thread )
  0x000002135594a260 JavaThread "Reference Handler"          daemon [_thread_blocked, id=15596, stack(0x00000052d4800000,0x00000052d4900000) (1024K)]
  0x000002135594adc0 JavaThread "Finalizer"                  daemon [_thread_blocked, id=24816, stack(0x00000052d4900000,0x00000052d4a00000) (1024K)]
  0x0000021355954560 JavaThread "Signal Dispatcher"          daemon [_thread_blocked, id=9356, stack(0x00000052d4a00000,0x00000052d4b00000) (1024K)]
  0x0000021355955fd0 JavaThread "Attach Listener"            daemon [_thread_blocked, id=27644, stack(0x00000052d4b00000,0x00000052d4c00000) (1024K)]
  0x000002135595a580 JavaThread "Service Thread"             daemon [_thread_blocked, id=26180, stack(0x00000052d4c00000,0x00000052d4d00000) (1024K)]
  0x000002135595c4a0 JavaThread "Monitor Deflation Thread"   daemon [_thread_blocked, id=14512, stack(0x00000052d4d00000,0x00000052d4e00000) (1024K)]
  0x0000021355962720 JavaThread "C1 CompilerThread0"         daemon [_thread_blocked, id=1732, stack(0x00000052d4e00000,0x00000052d4f00000) (1024K)]
  0x0000021355c37620 JavaThread "Common-Cleaner"             daemon [_thread_blocked, id=25740, stack(0x00000052d5200000,0x00000052d5300000) (1024K)]
  0x0000021355d83330 JavaThread "JDWP Transport Listener: dt_socket" daemon [_thread_blocked, id=26052, stack(0x00000052d5600000,0x00000052d5700000) (1024K)]
  0x0000021355d8d310 JavaThread "JDWP Event Helper Thread"   daemon [_thread_blocked, id=19732, stack(0x00000052d5700000,0x00000052d5800000) (1024K)]
  0x0000021355d91ed0 JavaThread "JDWP Command Reader"        daemon [_thread_blocked, id=24244, stack(0x00000052d5800000,0x00000052d5900000) (1024K)]
  0x000002139b628730 JavaThread "Notification Thread"        daemon [_thread_blocked, id=5256, stack(0x00000052d5900000,0x00000052d5a00000) (1024K)]
  0x000002139b8d4b40 JavaThread "RMI TCP Accept-0"           daemon [_thread_in_native, id=6192, stack(0x00000052d5a00000,0x00000052d5b00000) (1024K)]
  0x000002139b8d88b0 JavaThread "RMI TCP Accept-52374"       daemon [_thread_in_native, id=12116, stack(0x00000052d5b00000,0x00000052d5c00000) (1024K)]
  0x000002139b974b50 JavaThread "RMI TCP Accept-0"           daemon [_thread_in_native, id=25008, stack(0x00000052d6400000,0x00000052d6500000) (1024K)]
  0x000002139c10d490 JavaThread "RMI Scheduler(0)"           daemon [_thread_blocked, id=27164, stack(0x00000052d6e00000,0x00000052d6f00000) (1024K)]
  0x000002139c0ffca0 JavaThread "RMI TCP Connection(18)-127.0.0.1" daemon [_thread_in_native, id=27624, stack(0x00000052d6f00000,0x00000052d7000000) (1024K)]
  0x000002139c149960 JavaThread "JMX server connection timeout 56" daemon [_thread_blocked, id=7884, stack(0x00000052d7000000,0x00000052d7100000) (1024K)]
  0x000002139c147f20 JavaThread "mysql-cj-abandoned-connection-cleanup" daemon [_thread_blocked, id=3520, stack(0x00000052d7400000,0x00000052d7500000) (1024K)]
  0x000002139e02bdd0 JavaThread "DestroyJavaVM"                     [_thread_blocked, id=9812, stack(0x00000052d4000000,0x00000052d4100000) (1024K)]
  0x000002139e02d180 JavaThread "Catalina-utility-1"                [_thread_blocked, id=6504, stack(0x00000052d6b00000,0x00000052d6c00000) (1024K)]
  0x000002139e02a390 JavaThread "Catalina-utility-2"                [_thread_blocked, id=22656, stack(0x00000052d6c00000,0x00000052d6d00000) (1024K)]
  0x000002139e02e530 JavaThread "http-nio-8080-exec-2"       daemon [_thread_blocked, id=26160, stack(0x00000052d7300000,0x00000052d7400000) (1024K)]
  0x000002139c147200 JavaThread "Thread-29"                         [_thread_blocked, id=19100, stack(0x00000052d3d00000,0x00000052d3e00000) (1024K)]
Total: 24

Other Threads:
  0x0000021355927870 VMThread "VM Thread"                           [id=16052, stack(0x00000052d4700000,0x00000052d4800000) (1024K)]
  0x0000021355914150 WatcherThread "VM Periodic Task Thread"        [id=20648, stack(0x00000052d4600000,0x00000052d4700000) (1024K)]
  0x000002134034c050 WorkerThread "GC Thread#0"                     [id=4164, stack(0x00000052d4100000,0x00000052d4200000) (1024K)]
  0x000002139b8e92e0 WorkerThread "GC Thread#1"                     [id=27056, stack(0x00000052d5c00000,0x00000052d5d00000) (1024K)]
  0x000002139b8e9680 WorkerThread "GC Thread#2"                     [id=24644, stack(0x00000052d5d00000,0x00000052d5e00000) (1024K)]
  0x000002139b8e9a20 WorkerThread "GC Thread#3"                     [id=10160, stack(0x00000052d5e00000,0x00000052d5f00000) (1024K)]
  0x000002139b8e9dc0 WorkerThread "GC Thread#4"                     [id=25820, stack(0x00000052d5f00000,0x00000052d6000000) (1024K)]
  0x000002139b8ec170 WorkerThread "GC Thread#5"                     [id=26372, stack(0x00000052d6000000,0x00000052d6100000) (1024K)]
  0x000002139b908230 WorkerThread "GC Thread#6"                     [id=26060, stack(0x00000052d6100000,0x00000052d6200000) (1024K)]
  0x000002139b9085d0 WorkerThread "GC Thread#7"                     [id=22480, stack(0x00000052d6200000,0x00000052d6300000) (1024K)]
  0x000002139b908970 WorkerThread "GC Thread#8"                     [id=10320, stack(0x00000052d6300000,0x00000052d6400000) (1024K)]
=>0x000002139bc6a9c0 WorkerThread "GC Thread#9"                     [id=21376, stack(0x00000052d6500000,0x00000052d6600000) (1024K)]
  0x000002139bc69060 WorkerThread "GC Thread#10"                    [id=23780, stack(0x00000052d6600000,0x00000052d6700000) (1024K)]
  0x000002139bc69b40 WorkerThread "GC Thread#11"                    [id=8416, stack(0x00000052d6700000,0x00000052d6800000) (1024K)]
  0x000002139bc69ee0 WorkerThread "GC Thread#12"                    [id=15292, stack(0x00000052d6800000,0x00000052d6900000) (1024K)]
  0x000002133ff0de70 ConcurrentGCThread "G1 Main Marker"            [id=11256, stack(0x00000052d4200000,0x00000052d4300000) (1024K)]
  0x000002133ff0e880 WorkerThread "G1 Conc#0"                       [id=2752, stack(0x00000052d4300000,0x00000052d4400000) (1024K)]
  0x000002139bc69400 WorkerThread "G1 Conc#1"                       [id=10396, stack(0x00000052d6900000,0x00000052d6a00000) (1024K)]
  0x000002139bc697a0 WorkerThread "G1 Conc#2"                       [id=5516, stack(0x00000052d6a00000,0x00000052d6b00000) (1024K)]
  0x00000213557e51b0 ConcurrentGCThread "G1 Refine#0"               [id=4692, stack(0x00000052d4400000,0x00000052d4500000) (1024K)]
  0x00000213557e6ae0 ConcurrentGCThread "G1 Service"                [id=24228, stack(0x00000052d4500000,0x00000052d4600000) (1024K)]
Total: 21

Threads with active compile tasks:
Total: 0

VM state: at safepoint (normal execution)

VM Mutex/Monitor currently owned by a thread:  ([mutex/lock_event])
[0x00007ffd1c562da8] Threads_lock - owner thread: 0x0000021355927870
[0x00007ffd1c562ea8] Heap_lock - owner thread: 0x000002139c147200

Heap address: 0x0000000704a00000, size: 4022 MB, Compressed Oops mode: Zero based, Oop shift amount: 3

CDS archive(s) mapped at: [0x0000021356000000-0x0000021356c90000-0x0000021356c90000), size 13172736, SharedBaseAddress: 0x0000021356000000, ArchiveRelocationMode: 1.
Compressed class space mapped at: 0x0000021357000000-0x0000021397000000, reserved size: 1073741824
Narrow klass base: 0x0000021356000000, Narrow klass shift: 0, Narrow klass range: 0x100000000

GC Precious Log:
 CardTable entry size: 512
 Card Set container configuration: InlinePtr #cards 4 size 8 Array Of Cards #cards 16 size 48 Howl #buckets 8 coarsen threshold 3686 Howl Bitmap #cards 512 size 80 coarsen threshold 460 Card regions per heap region 1 cards per card region 4096
 CPUs: 16 total, 16 available
 Memory: 16087M
 Large Page Support: Disabled
 NUMA Support: Disabled
 Compressed Oops: Enabled (Zero based)
 Heap Region Size: 2M
 Heap Min Capacity: 8M
 Heap Initial Capacity: 252M
 Heap Max Capacity: 4022M
 Pre-touch: Disabled
 Parallel Workers: 13
 Concurrent Workers: 3
 Concurrent Refinement Workers: 13
 Periodic GC: Disabled

Heap:
 garbage-first heap   total 102400K, used 82676K [0x0000000704a00000, 0x0000000800000000)
  region size 2048K, 25 young (51200K), 2 survivors (4096K)
 Metaspace       used 75012K, committed 75840K, reserved 1179648K
  class space    used 9018K, committed 9408K, reserved 1048576K

Heap Regions: E=young(eden), S=young(survivor), O=old, HS=humongous(starts), HC=humongous(continues), CS=collection set, F=free, TAMS=top-at-mark-start, PB=parsable bottom
|   0|0x0000000704a00000, 0x0000000704bfffc8, 0x0000000704c00000| 99%| O|  |TAMS 0x0000000704a00000| PB 0x0000000704a00000| Untracked 
|   1|0x0000000704c00000, 0x0000000704e00000, 0x0000000704e00000|100%| O|  |TAMS 0x0000000704c00000| PB 0x0000000704c00000| Untracked 
|   2|0x0000000704e00000, 0x0000000705000000, 0x0000000705000000|100%| O|  |TAMS 0x0000000704e00000| PB 0x0000000704e00000| Untracked 
|   3|0x0000000705000000, 0x00000007051fffd0, 0x0000000705200000| 99%| O|  |TAMS 0x0000000705000000| PB 0x0000000705000000| Untracked 
|   4|0x0000000705200000, 0x00000007053ffff0, 0x0000000705400000| 99%| O|  |TAMS 0x0000000705200000| PB 0x0000000705200000| Untracked 
|   5|0x0000000705400000, 0x00000007055fff30, 0x0000000705600000| 99%| O|  |TAMS 0x0000000705400000| PB 0x0000000705400000| Untracked 
|   6|0x0000000705600000, 0x00000007057fffc0, 0x0000000705800000| 99%| O|  |TAMS 0x0000000705600000| PB 0x0000000705600000| Untracked 
|   7|0x0000000705800000, 0x0000000705a00000, 0x0000000705a00000|100%| O|  |TAMS 0x0000000705800000| PB 0x0000000705800000| Untracked 
|   8|0x0000000705a00000, 0x0000000705bfffd8, 0x0000000705c00000| 99%| O|  |TAMS 0x0000000705a00000| PB 0x0000000705a00000| Untracked 
|   9|0x0000000705c00000, 0x0000000705e00000, 0x0000000705e00000|100%| O|  |TAMS 0x0000000705c00000| PB 0x0000000705c00000| Untracked 
|  10|0x0000000705e00000, 0x0000000705fffff0, 0x0000000706000000| 99%| O|  |TAMS 0x0000000705e00000| PB 0x0000000705e00000| Untracked 
|  11|0x0000000706000000, 0x00000007061f0f08, 0x0000000706200000| 97%| O|  |TAMS 0x0000000706000000| PB 0x0000000706000000| Untracked 
|  12|0x0000000706200000, 0x000000070636b730, 0x0000000706400000| 70%| O|  |TAMS 0x0000000706200000| PB 0x0000000706200000| Untracked 
|  13|0x0000000706400000, 0x0000000706596240, 0x0000000706600000| 79%| O|  |TAMS 0x0000000706400000| PB 0x0000000706400000| Untracked 
|  14|0x0000000706600000, 0x0000000706600c38, 0x0000000706800000|  0%| O|  |TAMS 0x0000000706600000| PB 0x0000000706600000| Untracked 
|  15|0x0000000706800000, 0x0000000706a00000, 0x0000000706a00000|100%| O|  |TAMS 0x0000000706800000| PB 0x0000000706800000| Untracked 
|  16|0x0000000706a00000, 0x0000000706c00000, 0x0000000706c00000|100%| O|  |TAMS 0x0000000706a00000| PB 0x0000000706a00000| Untracked 
|  17|0x0000000706c00000, 0x0000000706c00000, 0x0000000706e00000|  0%| F|  |TAMS 0x0000000706c00000| PB 0x0000000706c00000| Untracked 
|  18|0x0000000706e00000, 0x0000000706e00000, 0x0000000707000000|  0%| F|  |TAMS 0x0000000706e00000| PB 0x0000000706e00000| Untracked 
|  19|0x0000000707000000, 0x0000000707000000, 0x0000000707200000|  0%| F|  |TAMS 0x0000000707000000| PB 0x0000000707000000| Untracked 
|  20|0x0000000707200000, 0x00000007072c78c0, 0x0000000707400000| 38%| O|  |TAMS 0x0000000707200000| PB 0x0000000707200000| Untracked 
|  21|0x0000000707400000, 0x00000007075fe060, 0x0000000707600000| 99%| S|  |TAMS 0x0000000707400000| PB 0x0000000707400000| Complete 
|  22|0x0000000707600000, 0x0000000707600000, 0x0000000707800000|  0%| F|  |TAMS 0x0000000707600000| PB 0x0000000707600000| Untracked 
|  23|0x0000000707800000, 0x0000000707800000, 0x0000000707a00000|  0%| F|  |TAMS 0x0000000707800000| PB 0x0000000707800000| Untracked 
|  24|0x0000000707a00000, 0x0000000707c00000, 0x0000000707c00000|100%| S|  |TAMS 0x0000000707a00000| PB 0x0000000707a00000| Complete 
|  25|0x0000000707c00000, 0x0000000707c00000, 0x0000000707e00000|  0%| F|  |TAMS 0x0000000707c00000| PB 0x0000000707c00000| Untracked 
|  26|0x0000000707e00000, 0x0000000707e00000, 0x0000000708000000|  0%| F|  |TAMS 0x0000000707e00000| PB 0x0000000707e00000| Untracked 
|  27|0x0000000708000000, 0x0000000708104480, 0x0000000708200000| 50%| E|  |TAMS 0x0000000708000000| PB 0x0000000708000000| Complete 
|  28|0x0000000708200000, 0x0000000708400000, 0x0000000708400000|100%| E|  |TAMS 0x0000000708200000| PB 0x0000000708200000| Complete 
|  29|0x0000000708400000, 0x0000000708600000, 0x0000000708600000|100%| E|  |TAMS 0x0000000708400000| PB 0x0000000708400000| Complete 
|  30|0x0000000708600000, 0x0000000708800000, 0x0000000708800000|100%| E|  |TAMS 0x0000000708600000| PB 0x0000000708600000| Complete 
|  31|0x0000000708800000, 0x0000000708a00000, 0x0000000708a00000|100%| E|  |TAMS 0x0000000708800000| PB 0x0000000708800000| Complete 
|  32|0x0000000708a00000, 0x0000000708c00000, 0x0000000708c00000|100%| E|  |TAMS 0x0000000708a00000| PB 0x0000000708a00000| Complete 
|  33|0x0000000708c00000, 0x0000000708e00000, 0x0000000708e00000|100%| E|  |TAMS 0x0000000708c00000| PB 0x0000000708c00000| Complete 
|  34|0x0000000708e00000, 0x0000000709000000, 0x0000000709000000|100%| E|  |TAMS 0x0000000708e00000| PB 0x0000000708e00000| Complete 
|  35|0x0000000709000000, 0x0000000709200000, 0x0000000709200000|100%| E|  |TAMS 0x0000000709000000| PB 0x0000000709000000| Complete 
|  36|0x0000000709200000, 0x0000000709400000, 0x0000000709400000|100%| E|  |TAMS 0x0000000709200000| PB 0x0000000709200000| Complete 
|  37|0x0000000709400000, 0x0000000709600000, 0x0000000709600000|100%| E|  |TAMS 0x0000000709400000| PB 0x0000000709400000| Complete 
|  38|0x0000000709600000, 0x0000000709800000, 0x0000000709800000|100%| E|  |TAMS 0x0000000709600000| PB 0x0000000709600000| Complete 
|  39|0x0000000709800000, 0x0000000709a00000, 0x0000000709a00000|100%| E|  |TAMS 0x0000000709800000| PB 0x0000000709800000| Complete 
|  40|0x0000000709a00000, 0x0000000709c00000, 0x0000000709c00000|100%| E|  |TAMS 0x0000000709a00000| PB 0x0000000709a00000| Complete 
|  41|0x0000000709c00000, 0x0000000709e00000, 0x0000000709e00000|100%| E|  |TAMS 0x0000000709c00000| PB 0x0000000709c00000| Complete 
|  42|0x0000000709e00000, 0x000000070a000000, 0x000000070a000000|100%| E|  |TAMS 0x0000000709e00000| PB 0x0000000709e00000| Complete 
|  43|0x000000070a000000, 0x000000070a200000, 0x000000070a200000|100%| E|  |TAMS 0x000000070a000000| PB 0x000000070a000000| Complete 
|  44|0x000000070a200000, 0x000000070a400000, 0x000000070a400000|100%| E|  |TAMS 0x000000070a200000| PB 0x000000070a200000| Complete 
|  45|0x000000070a400000, 0x000000070a600000, 0x000000070a600000|100%| E|  |TAMS 0x000000070a400000| PB 0x000000070a400000| Complete 
|  46|0x000000070a600000, 0x000000070a800000, 0x000000070a800000|100%| E|  |TAMS 0x000000070a600000| PB 0x000000070a600000| Complete 
|  47|0x000000070a800000, 0x000000070aa00000, 0x000000070aa00000|100%| E|  |TAMS 0x000000070a800000| PB 0x000000070a800000| Complete 
|  48|0x000000070aa00000, 0x000000070ac00000, 0x000000070ac00000|100%| E|  |TAMS 0x000000070aa00000| PB 0x000000070aa00000| Complete 
|  49|0x000000070ac00000, 0x000000070ae00000, 0x000000070ae00000|100%| E|  |TAMS 0x000000070ac00000| PB 0x000000070ac00000| Complete 

Card table byte_map: [0x000002134e310000,0x000002134eaf0000] _byte_map_base: 0x000002134aaeb000

Marking Bits: (CMBitMap*) 0x000002134034c660
 Bits: [0x000002134eaf0000, 0x00000213529c8000)

Polling page: 0x000002133fe00000

Metaspace:

Usage:
  Non-class:     64.45 MB used.
      Class:      8.81 MB used.
       Both:     73.25 MB used.

Virtual space:
  Non-class space:      128.00 MB reserved,      64.88 MB ( 51%) committed,  2 nodes.
      Class space:        1.00 GB reserved,       9.19 MB ( <1%) committed,  1 nodes.
             Both:        1.12 GB reserved,      74.06 MB (  6%) committed. 

Chunk freelists:
   Non-Class:  14.62 MB
       Class:  6.87 MB
        Both:  21.49 MB

MaxMetaspaceSize: unlimited
CompressedClassSpaceSize: 1.00 GB
Initial GC threshold: 21.00 MB
Current GC threshold: 119.19 MB
CDS: on
 - commit_granule_bytes: 65536.
 - commit_granule_words: 8192.
 - virtual_space_node_default_size: 8388608.
 - enlarge_chunks_in_place: 1.
 - use_allocation_guard: 0.


Internal statistics:

num_allocs_failed_limit: 6.
num_arena_births: 2844.
num_arena_deaths: 1818.
num_vsnodes_births: 3.
num_vsnodes_deaths: 0.
num_space_committed: 1185.
num_space_uncommitted: 0.
num_chunks_returned_to_freelist: 2317.
num_chunks_taken_from_freelist: 7872.
num_chunk_merges: 478.
num_chunk_splits: 3838.
num_chunks_enlarged: 2253.
num_inconsistent_stats: 0.

CodeCache: size=49152Kb used=14992Kb max_used=17450Kb free=34159Kb
 bounds [0x0000021349d60000, 0x000002134af40000, 0x000002134cd60000]
 total_blobs=7517 nmethods=6854 adapters=586
 compilation: enabled
              stopped_count=0, restarted_count=0
 full_count=0

Compilation events (20 events):
Event: 955.520 Thread 0x0000021355962720 9403   !   1       java.util.concurrent.locks.LockSupport::park (47 bytes)
Event: 955.522 Thread 0x0000021355962720 nmethod 9403 0x000002134ad42010 code [0x000002134ad421e0, 0x000002134ad42538]
Event: 960.539 Thread 0x0000021355962720 9404       1       java.util.concurrent.atomic.AtomicInteger::compareAndSet (13 bytes)
Event: 960.539 Thread 0x0000021355962720 nmethod 9404 0x000002134ac9b590 code [0x000002134ac9b720, 0x000002134ac9b800]
Event: 960.542 Thread 0x0000021355962720 9405       1       java.net.Socket::getAndBitwiseOrState (9 bytes)
Event: 960.543 Thread 0x0000021355962720 nmethod 9405 0x000002134ad41990 code [0x000002134ad41b60, 0x000002134ad41d98]
Event: 960.543 Thread 0x0000021355962720 9406       1       java.lang.invoke.VarHandleInts$FieldInstanceReadWrite::getAndBitwiseOr (28 bytes)
Event: 960.543 Thread 0x0000021355962720 nmethod 9406 0x000002134ad41210 code [0x000002134ad41400, 0x000002134ad41748]
Event: 960.543 Thread 0x0000021355962720 9407       1       jdk.internal.misc.Unsafe::getAndBitwiseOrInt (27 bytes)
Event: 960.543 Thread 0x0000021355962720 nmethod 9407 0x000002134abed090 code [0x000002134abed220, 0x000002134abed328]
Event: 960.543 Thread 0x0000021355962720 9408       1       java.time.LocalTime::ofNanoOfDay (68 bytes)
Event: 960.544 Thread 0x0000021355962720 nmethod 9408 0x000002134ad40910 code [0x000002134ad40ae0, 0x000002134ad40ee8]
Event: 962.849 Thread 0x0000021355962720 9409       1       org.apache.tomcat.util.collections.ManagedConcurrentWeakHashMap$Key::equals (61 bytes)
Event: 962.849 Thread 0x0000021355962720 nmethod 9409 0x000002134ad40310 code [0x000002134ad40500, 0x000002134ad40810]
Event: 962.850 Thread 0x0000021355962720 9410       1       java.lang.ThreadGroup::parentOf (21 bytes)
Event: 962.851 Thread 0x0000021355962720 nmethod 9410 0x000002134abfb890 code [0x000002134abfba40, 0x000002134abfbb70]
Event: 962.851 Thread 0x0000021355962720 9411       1       java.lang.StackTraceElement::length (13 bytes)
Event: 962.851 Thread 0x0000021355962720 nmethod 9411 0x000002134ac02790 code [0x000002134ac02920, 0x000002134ac02a20]
Event: 962.851 Thread 0x0000021355962720 9412       1       org.apache.catalina.core.ContainerBase::fireContainerEvent (69 bytes)
Event: 962.851 Thread 0x0000021355962720 nmethod 9412 0x000002134ad3fa90 code [0x000002134ad3fca0, 0x000002134ad40118]

GC Heap History (20 events):
Event: 672.460 GC heap after
{Heap after GC invocations=46 (full 5):
 garbage-first heap   total 102400K, used 33281K [0x0000000704a00000, 0x0000000800000000)
  region size 2048K, 2 young (4096K), 2 survivors (4096K)
 Metaspace       used 70204K, committed 70976K, reserved 1114112K
  class space    used 8642K, committed 9024K, reserved 1048576K
}
Event: 672.675 GC heap before
{Heap before GC invocations=46 (full 5):
 garbage-first heap   total 102400K, used 84481K [0x0000000704a00000, 0x0000000800000000)
  region size 2048K, 27 young (55296K), 2 survivors (4096K)
 Metaspace       used 70256K, committed 71040K, reserved 1114112K
  class space    used 8648K, committed 9024K, reserved 1048576K
}
Event: 672.678 GC heap after
{Heap after GC invocations=47 (full 5):
 garbage-first heap   total 102400K, used 35040K [0x0000000704a00000, 0x0000000800000000)
  region size 2048K, 2 young (4096K), 2 survivors (4096K)
 Metaspace       used 70256K, committed 71040K, reserved 1114112K
  class space    used 8648K, committed 9024K, reserved 1048576K
}
Event: 687.482 GC heap before
{Heap before GC invocations=47 (full 5):
 garbage-first heap   total 102400K, used 49376K [0x0000000704a00000, 0x0000000800000000)
  region size 2048K, 10 young (20480K), 2 survivors (4096K)
 Metaspace       used 70303K, committed 71104K, reserved 1114112K
  class space    used 8649K, committed 9024K, reserved 1048576K
}
Event: 687.514 GC heap after
{Heap after GC invocations=48 (full 6):
 garbage-first heap   total 102400K, used 26590K [0x0000000704a00000, 0x0000000800000000)
  region size 2048K, 0 young (0K), 0 survivors (0K)
 Metaspace       used 69963K, committed 71104K, reserved 1114112K
  class space    used 8575K, committed 9024K, reserved 1048576K
}
Event: 687.843 GC heap before
{Heap before GC invocations=48 (full 6):
 garbage-first heap   total 102400K, used 88030K [0x0000000704a00000, 0x0000000800000000)
  region size 2048K, 30 young (61440K), 0 survivors (0K)
 Metaspace       used 70705K, committed 71488K, reserved 1114112K
  class space    used 8648K, committed 9024K, reserved 1048576K
}
Event: 687.846 GC heap after
{Heap after GC invocations=49 (full 6):
 garbage-first heap   total 102400K, used 31844K [0x0000000704a00000, 0x0000000800000000)
  region size 2048K, 3 young (6144K), 3 survivors (6144K)
 Metaspace       used 70705K, committed 71488K, reserved 1114112K
  class space    used 8648K, committed 9024K, reserved 1048576K
}
Event: 688.308 GC heap before
{Heap before GC invocations=49 (full 6):
 garbage-first heap   total 102400K, used 85092K [0x0000000704a00000, 0x0000000800000000)
  region size 2048K, 29 young (59392K), 3 survivors (6144K)
 Metaspace       used 72430K, committed 73088K, reserved 1114112K
  class space    used 8786K, committed 9088K, reserved 1048576K
}
Event: 688.312 GC heap after
{Heap after GC invocations=50 (full 6):
 garbage-first heap   total 102400K, used 33581K [0x0000000704a00000, 0x0000000800000000)
  region size 2048K, 1 young (2048K), 1 survivors (2048K)
 Metaspace       used 72430K, committed 73088K, reserved 1114112K
  class space    used 8786K, committed 9088K, reserved 1048576K
}
Event: 688.550 GC heap before
{Heap before GC invocations=50 (full 6):
 garbage-first heap   total 102400K, used 88877K [0x0000000704a00000, 0x0000000800000000)
  region size 2048K, 28 young (57344K), 1 survivors (2048K)
 Metaspace       used 72482K, committed 73152K, reserved 1114112K
  class space    used 8793K, committed 9088K, reserved 1048576K
}
Event: 688.552 GC heap after
{Heap after GC invocations=51 (full 6):
 garbage-first heap   total 102400K, used 35716K [0x0000000704a00000, 0x0000000800000000)
  region size 2048K, 3 young (6144K), 3 survivors (6144K)
 Metaspace       used 72482K, committed 73152K, reserved 1114112K
  class space    used 8793K, committed 9088K, reserved 1048576K
}
Event: 811.284 GC heap before
{Heap before GC invocations=51 (full 6):
 garbage-first heap   total 102400K, used 76676K [0x0000000704a00000, 0x0000000800000000)
  region size 2048K, 24 young (49152K), 3 survivors (6144K)
 Metaspace       used 72497K, committed 73216K, reserved 1114112K
  class space    used 8796K, committed 9152K, reserved 1048576K
}
Event: 811.313 GC heap after
{Heap after GC invocations=52 (full 7):
 garbage-first heap   total 102400K, used 27596K [0x0000000704a00000, 0x0000000800000000)
  region size 2048K, 0 young (0K), 0 survivors (0K)
 Metaspace       used 72362K, committed 73216K, reserved 1114112K
  class space    used 8775K, committed 9152K, reserved 1048576K
}
Event: 811.649 GC heap before
{Heap before GC invocations=52 (full 7):
 garbage-first heap   total 102400K, used 86988K [0x0000000704a00000, 0x0000000800000000)
  region size 2048K, 30 young (61440K), 0 survivors (0K)
 Metaspace       used 73107K, committed 73792K, reserved 1114112K
  class space    used 8853K, committed 9152K, reserved 1048576K
}
Event: 811.652 GC heap after
{Heap after GC invocations=53 (full 7):
 garbage-first heap   total 102400K, used 33126K [0x0000000704a00000, 0x0000000800000000)
  region size 2048K, 3 young (6144K), 3 survivors (6144K)
 Metaspace       used 73107K, committed 73792K, reserved 1114112K
  class space    used 8853K, committed 9152K, reserved 1048576K
}
Event: 811.875 GC heap before
{Heap before GC invocations=53 (full 7):
 garbage-first heap   total 102400K, used 86374K [0x0000000704a00000, 0x0000000800000000)
  region size 2048K, 29 young (59392K), 3 survivors (6144K)
 Metaspace       used 74827K, committed 75520K, reserved 1179648K
  class space    used 8979K, committed 9280K, reserved 1048576K
}
Event: 811.879 GC heap after
{Heap after GC invocations=54 (full 7):
 garbage-first heap   total 102400K, used 34766K [0x0000000704a00000, 0x0000000800000000)
  region size 2048K, 2 young (4096K), 2 survivors (4096K)
 Metaspace       used 74827K, committed 75520K, reserved 1179648K
  class space    used 8979K, committed 9280K, reserved 1048576K
}
Event: 812.092 GC heap before
{Heap before GC invocations=54 (full 7):
 garbage-first heap   total 102400K, used 85966K [0x0000000704a00000, 0x0000000800000000)
  region size 2048K, 27 young (55296K), 2 survivors (4096K)
 Metaspace       used 74878K, committed 75648K, reserved 1179648K
  class space    used 8986K, committed 9344K, reserved 1048576K
}
Event: 812.095 GC heap after
{Heap after GC invocations=55 (full 7):
 garbage-first heap   total 102400K, used 36579K [0x0000000704a00000, 0x0000000800000000)
  region size 2048K, 2 young (4096K), 2 survivors (4096K)
 Metaspace       used 74878K, committed 75648K, reserved 1179648K
  class space    used 8986K, committed 9344K, reserved 1048576K
}
Event: 962.857 GC heap before
{Heap before GC invocations=55 (full 7):
 garbage-first heap   total 102400K, used 81635K [0x0000000704a00000, 0x0000000800000000)
  region size 2048K, 25 young (51200K), 2 survivors (4096K)
 Metaspace       used 75012K, committed 75840K, reserved 1179648K
  class space    used 9018K, committed 9408K, reserved 1048576K
}

Dll operation events (12 events):
Event: 0.006 Loaded shared library C:\Program Files\Java\jdk-21\bin\java.dll
Event: 0.188 Loaded shared library C:\Program Files\Java\jdk-21\bin\zip.dll
Event: 0.191 Loaded shared library C:\Program Files\Java\jdk-21\bin\instrument.dll
Event: 0.194 Loaded shared library C:\Program Files\Java\jdk-21\bin\net.dll
Event: 0.194 Loaded shared library C:\Program Files\Java\jdk-21\bin\nio.dll
Event: 0.196 Loaded shared library C:\Program Files\Java\jdk-21\bin\zip.dll
Event: 0.287 Loaded shared library C:\Program Files\Java\jdk-21\bin\jimage.dll
Event: 0.314 Loaded shared library C:\Program Files\Java\jdk-21\bin\management.dll
Event: 0.319 Loaded shared library C:\Program Files\Java\jdk-21\bin\management_ext.dll
Event: 0.529 Loaded shared library C:\Program Files\Java\jdk-21\bin\extnet.dll
Event: 0.568 Loaded shared library C:\Program Files\Java\jdk-21\bin\verify.dll
Event: 1.557 Loaded shared library C:\Program Files\Java\jdk-21\bin\sunmscapi.dll

Deoptimization events (20 events):
Event: 962.850 Thread 0x000002139c147200 DEOPT PACKING pc=0x000002134a8006ec sp=0x00000052d3dfc290
Event: 962.850 Thread 0x000002139c147200 DEOPT UNPACKING pc=0x0000021349db4e42 sp=0x00000052d3dfb7c8 mode 1
Event: 962.850 Thread 0x000002139c147200 DEOPT PACKING pc=0x000002134a80179c sp=0x00000052d3dfc380
Event: 962.850 Thread 0x000002139c147200 DEOPT UNPACKING pc=0x0000021349db4e42 sp=0x00000052d3dfb940 mode 1
Event: 962.850 Thread 0x000002139c147200 DEOPT PACKING pc=0x000002134a7ff0bc sp=0x00000052d3dfc500
Event: 962.850 Thread 0x000002139c147200 DEOPT UNPACKING pc=0x0000021349db4e42 sp=0x00000052d3dfbac0 mode 1
Event: 962.850 Thread 0x000002139c147200 DEOPT PACKING pc=0x000002134a8006ec sp=0x00000052d3dfc280
Event: 962.850 Thread 0x000002139c147200 DEOPT UNPACKING pc=0x0000021349db4e42 sp=0x00000052d3dfb7b8 mode 1
Event: 962.850 Thread 0x000002139c147200 DEOPT PACKING pc=0x000002134a80179c sp=0x00000052d3dfc370
Event: 962.850 Thread 0x000002139c147200 DEOPT UNPACKING pc=0x0000021349db4e42 sp=0x00000052d3dfb930 mode 1
Event: 962.850 Thread 0x000002139c147200 DEOPT PACKING pc=0x000002134a7ff0bc sp=0x00000052d3dfc4f0
Event: 962.850 Thread 0x000002139c147200 DEOPT UNPACKING pc=0x0000021349db4e42 sp=0x00000052d3dfbab0 mode 1
Event: 962.850 Thread 0x000002139c147200 DEOPT PACKING pc=0x000002134a8006ec sp=0x00000052d3dfc630
Event: 962.850 Thread 0x000002139c147200 DEOPT UNPACKING pc=0x0000021349db4e42 sp=0x00000052d3dfbb68 mode 1
Event: 962.850 Thread 0x000002139c147200 DEOPT PACKING pc=0x000002134a80179c sp=0x00000052d3dfc720
Event: 962.850 Thread 0x000002139c147200 DEOPT UNPACKING pc=0x0000021349db4e42 sp=0x00000052d3dfbce0 mode 1
Event: 962.850 Thread 0x000002139c147200 DEOPT PACKING pc=0x000002134a7ff0bc sp=0x00000052d3dfc8a0
Event: 962.850 Thread 0x000002139c147200 DEOPT UNPACKING pc=0x0000021349db4e42 sp=0x00000052d3dfbe60 mode 1
Event: 962.851 Thread 0x000002139e02d810 DEOPT PACKING pc=0x000002134a1ab334 sp=0x00000052d6dff630
Event: 962.851 Thread 0x000002139e02d810 DEOPT UNPACKING pc=0x0000021349db4e42 sp=0x00000052d6dfeb18 mode 1

Classes loaded (20 events):
Event: 13.840 Loading class sun/util/resources/LocaleData$LocaleDataResourceBundleProvider done
Event: 13.840 Loading class sun/util/resources/LocaleData$CommonResourceBundleProvider done
Event: 13.840 Loading class sun/util/resources/Bundles$2
Event: 13.841 Loading class sun/util/resources/Bundles$2 done
Event: 13.846 Loading class sun/util/resources/ParallelListResourceBundle
Event: 13.847 Loading class sun/util/resources/ParallelListResourceBundle done
Event: 13.909 Loading class java/math/BigDecimal$StringBuilderHelper
Event: 13.909 Loading class java/math/BigDecimal$StringBuilderHelper done
Event: 348.993 Loading class java/util/concurrent/locks/AbstractQueuedSynchronizer$SharedNode
Event: 348.993 Loading class java/util/concurrent/locks/AbstractQueuedSynchronizer$SharedNode done
Event: 349.023 Loading class java/util/WeakHashMap$KeyIterator
Event: 349.023 Loading class java/util/WeakHashMap$KeyIterator done
Event: 349.057 Loading class java/lang/ref/Finalizer$2
Event: 349.059 Loading class java/lang/ref/Finalizer$2 done
Event: 349.059 Loading class java/lang/ref/Finalizer$1
Event: 349.060 Loading class java/lang/ref/Finalizer$1 done
Event: 349.446 Loading class java/time/DurationEditor
Event: 349.446 Loading class java/time/DurationEditor done
Event: 583.492 Loading class java/time/DurationEditor
Event: 583.492 Loading class java/time/DurationEditor done

Classes unloaded (20 events):
Event: 811.291 Thread 0x0000021355927870 Unloading class 0x00000213577f9400 'jdk/internal/reflect/GeneratedSerializationConstructorAccessor281'
Event: 811.291 Thread 0x0000021355927870 Unloading class 0x00000213577f4c00 'jdk/internal/reflect/GeneratedSerializationConstructorAccessor280'
Event: 811.291 Thread 0x0000021355927870 Unloading class 0x00000213577f2800 'jdk/internal/reflect/GeneratedSerializationConstructorAccessor279'
Event: 811.291 Thread 0x0000021355927870 Unloading class 0x00000213577f0400 'jdk/internal/reflect/GeneratedSerializationConstructorAccessor278'
Event: 811.291 Thread 0x0000021355927870 Unloading class 0x0000021357510c00 'jdk/internal/reflect/GeneratedSerializationConstructorAccessor277'
Event: 811.291 Thread 0x0000021355927870 Unloading class 0x0000021357680400 'jdk/internal/reflect/GeneratedSerializationConstructorAccessor276'
Event: 811.291 Thread 0x0000021355927870 Unloading class 0x0000021357688400 'jdk/internal/reflect/GeneratedSerializationConstructorAccessor275'
Event: 811.291 Thread 0x0000021355927870 Unloading class 0x0000021357882400 'jdk/internal/reflect/GeneratedSerializationConstructorAccessor274'
Event: 811.291 Thread 0x0000021355927870 Unloading class 0x0000021357884400 'jdk/internal/reflect/GeneratedSerializationConstructorAccessor273'
Event: 811.291 Thread 0x0000021355927870 Unloading class 0x0000021357884c00 'jdk/internal/reflect/GeneratedSerializationConstructorAccessor272'
Event: 811.291 Thread 0x0000021355927870 Unloading class 0x0000021357885c00 'jdk/internal/reflect/GeneratedSerializationConstructorAccessor271'
Event: 811.291 Thread 0x0000021355927870 Unloading class 0x0000021357887400 'jdk/internal/reflect/GeneratedSerializationConstructorAccessor270'
Event: 811.291 Thread 0x0000021355927870 Unloading class 0x0000021357887c00 'jdk/internal/reflect/GeneratedSerializationConstructorAccessor269'
Event: 811.291 Thread 0x0000021355927870 Unloading class 0x0000021357888400 'jdk/internal/reflect/GeneratedSerializationConstructorAccessor268'
Event: 811.291 Thread 0x0000021355927870 Unloading class 0x0000021357894000 'jdk/internal/reflect/GeneratedSerializationConstructorAccessor267'
Event: 811.291 Thread 0x0000021355927870 Unloading class 0x0000021357895400 'jdk/internal/reflect/GeneratedSerializationConstructorAccessor266'
Event: 811.291 Thread 0x0000021355927870 Unloading class 0x000002135789a000 'jdk/internal/reflect/GeneratedSerializationConstructorAccessor265'
Event: 811.291 Thread 0x0000021355927870 Unloading class 0x000002135789d000 'jdk/internal/reflect/GeneratedSerializationConstructorAccessor264'
Event: 811.291 Thread 0x0000021355927870 Unloading class 0x000002135789f800 'jdk/internal/reflect/GeneratedSerializationConstructorAccessor263'
Event: 811.291 Thread 0x0000021355927870 Unloading class 0x00000213578c8000 'org/apache/catalina/loader/JdbcLeakPrevention'

Classes redefined (20 events):
Event: 377.727 Thread 0x0000021355927870 redefined class name=CinemaBooking.Group2.controllers.admin.dashboardController, count=1
Event: 377.727 Thread 0x0000021355927870 redefined class name=CinemaBooking.Group2.controllers.admin.dashboardController, count=2
Event: 459.804 Thread 0x0000021355927870 redefined class name=CinemaBooking.Group2.controllers.admin.dashboardController, count=1
Event: 459.804 Thread 0x0000021355927870 redefined class name=CinemaBooking.Group2.controllers.admin.dashboardController, count=2
Event: 459.804 Thread 0x0000021355927870 redefined class name=CinemaBooking.Group2.controllers.admin.dashboardController, count=3
Event: 582.151 Thread 0x0000021355927870 redefined class name=CinemaBooking.Group2.controllers.admin.dashboardController, count=2
Event: 582.151 Thread 0x0000021355927870 redefined class name=CinemaBooking.Group2.controllers.admin.dashboardController, count=1
Event: 582.151 Thread 0x0000021355927870 redefined class name=CinemaBooking.Group2.controllers.admin.dashboardController, count=3
Event: 582.151 Thread 0x0000021355927870 redefined class name=CinemaBooking.Group2.controllers.admin.dashboardController, count=4
Event: 670.862 Thread 0x0000021355927870 redefined class name=CinemaBooking.Group2.controllers.admin.dashboardController, count=3
Event: 670.862 Thread 0x0000021355927870 redefined class name=CinemaBooking.Group2.controllers.admin.dashboardController, count=2
Event: 670.862 Thread 0x0000021355927870 redefined class name=CinemaBooking.Group2.controllers.admin.dashboardController, count=4
Event: 670.862 Thread 0x0000021355927870 redefined class name=CinemaBooking.Group2.controllers.admin.dashboardController, count=5
Event: 670.862 Thread 0x0000021355927870 redefined class name=CinemaBooking.Group2.controllers.admin.dashboardController, count=1
Event: 686.424 Thread 0x0000021355927870 redefined class name=CinemaBooking.Group2.controllers.admin.dashboardController, count=4
Event: 686.424 Thread 0x0000021355927870 redefined class name=CinemaBooking.Group2.controllers.admin.dashboardController, count=1
Event: 686.424 Thread 0x0000021355927870 redefined class name=CinemaBooking.Group2.controllers.admin.dashboardController, count=3
Event: 686.424 Thread 0x0000021355927870 redefined class name=CinemaBooking.Group2.controllers.admin.dashboardController, count=5
Event: 686.424 Thread 0x0000021355927870 redefined class name=CinemaBooking.Group2.controllers.admin.dashboardController, count=6
Event: 686.424 Thread 0x0000021355927870 redefined class name=CinemaBooking.Group2.controllers.admin.dashboardController, count=2

Internal exceptions (20 events):
Event: 583.516 Thread 0x000002139c148c40 Exception <a 'java/lang/NoSuchMethodError'{0x0000000709241ad0}: 'int java.lang.invoke.DelegatingMethodHandle$Holder.reinvoke_L(java.lang.Object, java.lang.Object, java.lang.Object, java.lang.Object)'> (0x0000000709241ad0) 
thrown [s\open\src\hotspot\share\interpreter\linkResolver.cpp, line 773]
Event: 583.520 Thread 0x000002139c148c40 Exception <a 'java/io/FileNotFoundException'{0x00000007092919b0}> (0x00000007092919b0) 
thrown [s\open\src\hotspot\share\prims\jni.cpp, line 520]
Event: 583.539 Thread 0x000002139c148c40 Exception <a 'java/lang/NoSuchMethodError'{0x000000070907cb38}: 'long java.lang.invoke.DelegatingMethodHandle$Holder.reinvoke_L(java.lang.Object, java.lang.Object)'> (0x000000070907cb38) 
thrown [s\open\src\hotspot\share\interpreter\linkResolver.cpp, line 773]
Event: 583.540 Thread 0x000002139c148c40 Exception <a 'java/lang/NoSuchMethodError'{0x0000000709083418}: 'void java.lang.invoke.DelegatingMethodHandle$Holder.reinvoke_L(java.lang.Object, java.lang.Object, long)'> (0x0000000709083418) 
thrown [s\open\src\hotspot\share\interpreter\linkResolver.cpp, line 773]
Event: 583.551 Thread 0x000002139c148c40 Exception <a 'java/io/FileNotFoundException'{0x0000000708eaeaf0}> (0x0000000708eaeaf0) 
thrown [s\open\src\hotspot\share\prims\jni.cpp, line 520]
Event: 601.070 Thread 0x000002139c0ffca0 Exception <a 'java/lang/NoSuchMethodError'{0x000000070ad50640}: static [B.<clinit>()V> (0x000000070ad50640) 
thrown [s\open\src\hotspot\share\prims\jni.cpp, line 1111]
Event: 671.765 Thread 0x000002139c1492d0 Exception <a 'java/lang/InterruptedException'{0x0000000709452730}: sleep interrupted> (0x0000000709452730) 
thrown [s\open\src\hotspot\share\prims\jvm.cpp, line 3074]
Event: 671.798 Thread 0x000002139e02d810 Exception <a 'sun/nio/fs/WindowsException'{0x000000070ac9c6b0}> (0x000000070ac9c6b0) 
thrown [s\open\src\hotspot\share\prims\jni.cpp, line 520]
Event: 672.152 Thread 0x000002139e02d810 Exception <a 'java/io/FileNotFoundException'{0x000000070abae9c8}> (0x000000070abae9c8) 
thrown [s\open\src\hotspot\share\prims\jni.cpp, line 520]
Event: 672.182 Thread 0x000002139e02d810 Exception <a 'java/io/FileNotFoundException'{0x000000070a7a74c8}> (0x000000070a7a74c8) 
thrown [s\open\src\hotspot\share\prims\jni.cpp, line 520]
Event: 687.481 Thread 0x000002139e02a390 Exception <a 'java/lang/InterruptedException'{0x0000000709fd08b0}: sleep interrupted> (0x0000000709fd08b0) 
thrown [s\open\src\hotspot\share\prims\jvm.cpp, line 3074]
Event: 687.523 Thread 0x000002139c146b70 Exception <a 'sun/nio/fs/WindowsException'{0x000000070acbab20}> (0x000000070acbab20) 
thrown [s\open\src\hotspot\share\prims\jni.cpp, line 520]
Event: 687.862 Thread 0x000002139c146b70 Exception <a 'java/io/FileNotFoundException'{0x000000070ab9cdc8}> (0x000000070ab9cdc8) 
thrown [s\open\src\hotspot\share\prims\jni.cpp, line 520]
Event: 687.892 Thread 0x000002139c146b70 Exception <a 'java/io/FileNotFoundException'{0x000000070a793e00}> (0x000000070a793e00) 
thrown [s\open\src\hotspot\share\prims\jni.cpp, line 520]
Event: 811.283 Thread 0x000002139c1492d0 Exception <a 'java/lang/InterruptedException'{0x00000007085c8578}: sleep interrupted> (0x00000007085c8578) 
thrown [s\open\src\hotspot\share\prims\jvm.cpp, line 3074]
Event: 811.321 Thread 0x000002139e02caf0 Exception <a 'sun/nio/fs/WindowsException'{0x000000070aca6dd8}> (0x000000070aca6dd8) 
thrown [s\open\src\hotspot\share\prims\jni.cpp, line 520]
Event: 811.668 Thread 0x000002139e02caf0 Exception <a 'java/io/FileNotFoundException'{0x000000070abd32f0}> (0x000000070abd32f0) 
thrown [s\open\src\hotspot\share\prims\jni.cpp, line 520]
Event: 811.693 Thread 0x000002139e02caf0 Exception <a 'java/io/FileNotFoundException'{0x000000070a7c9c68}> (0x000000070a7c9c68) 
thrown [s\open\src\hotspot\share\prims\jni.cpp, line 520]
Event: 901.068 Thread 0x000002139c0ffca0 Exception <a 'java/lang/NoSuchMethodError'{0x0000000708b83cd8}: static [B.<clinit>()V> (0x0000000708b83cd8) 
thrown [s\open\src\hotspot\share\prims\jni.cpp, line 1111]
Event: 962.851 Thread 0x000002139e02d810 Exception <a 'java/lang/InterruptedException'{0x00000007080d9a00}: sleep interrupted> (0x00000007080d9a00) 
thrown [s\open\src\hotspot\share\prims\jvm.cpp, line 3074]

ZGC Phase Switch (0 events):
No events

VM Operations (20 events):
Event: 924.072 Executing VM operation: get/set locals done
Event: 924.073 Executing VM operation: get/set locals
Event: 924.073 Executing VM operation: get/set locals done
Event: 924.073 Executing VM operation: get/set locals
Event: 924.073 Executing VM operation: get/set locals done
Event: 924.073 Executing VM operation: get/set locals
Event: 924.074 Executing VM operation: get/set locals done
Event: 924.074 Executing VM operation: get/set locals
Event: 924.074 Executing VM operation: get/set locals done
Event: 925.602 Executing VM operation: get/set locals
Event: 925.602 Executing VM operation: get/set locals done
Event: 940.692 Executing VM operation: Cleanup
Event: 940.692 Executing VM operation: Cleanup done
Event: 955.684 Executing VM operation: get/set locals
Event: 955.684 Executing VM operation: get/set locals done
Event: 955.686 Executing VM operation: get/set locals
Event: 955.686 Executing VM operation: get/set locals done
Event: 960.722 Executing VM operation: Cleanup
Event: 960.722 Executing VM operation: Cleanup done
Event: 962.857 Executing VM operation: G1CollectFull (System.gc())

Events (20 events):
Event: 925.364 Thread 0x000002139c147200 Thread added: 0x000002139c147200
Event: 925.364 Thread 0x000002139e02dea0 Thread exited: 0x000002139e02dea0
Event: 925.368 Thread 0x000002139c1492d0 Thread added: 0x000002139c1492d0
Event: 925.455 Thread 0x000002139e031320 Thread exited: 0x000002139e031320
Event: 939.787 Thread 0x000002139c148c40 Thread exited: 0x000002139c148c40
Event: 955.517 Thread 0x000002139e02ff70 Thread exited: 0x000002139e02ff70
Event: 955.520 Thread 0x000002139e02aa20 Thread exited: 0x000002139e02aa20
Event: 955.521 Thread 0x000002139e02f8e0 Thread exited: 0x000002139e02f8e0
Event: 955.522 Thread 0x000002139e0319b0 Thread exited: 0x000002139e0319b0
Event: 955.522 Thread 0x000002139e02b0b0 Thread exited: 0x000002139e02b0b0
Event: 955.524 Thread 0x000002139e02f250 Thread exited: 0x000002139e02f250
Event: 955.524 Thread 0x000002139e02ebc0 Thread exited: 0x000002139e02ebc0
Event: 955.526 Thread 0x000002139e02c460 Thread exited: 0x000002139e02c460
Event: 955.527 Thread 0x000002139e030600 Thread exited: 0x000002139e030600
Event: 955.529 Thread 0x000002139e02b740 Thread exited: 0x000002139e02b740
Event: 955.542 Thread 0x000002139c1492d0 Thread exited: 0x000002139c1492d0
Event: 960.537 Thread 0x000002139c148c40 Thread added: 0x000002139c148c40
Event: 960.537 Thread 0x000002139c146b70 Thread exited: 0x000002139c146b70
Event: 960.543 Thread 0x000002139c148c40 Thread exited: 0x000002139c148c40
Event: 962.851 Thread 0x000002139e02d810 Thread exited: 0x000002139e02d810


Dynamic libraries:
0x00007ff645190000 - 0x00007ff6451a0000 	C:\Program Files\Java\jdk-21\bin\javaw.exe
0x00007ffe156a0000 - 0x00007ffe15907000 	C:\WINDOWS\SYSTEM32\ntdll.dll
0x00007ffe14510000 - 0x00007ffe145d9000 	C:\WINDOWS\System32\KERNEL32.DLL
0x00007ffe13040000 - 0x00007ffe13431000 	C:\WINDOWS\System32\KERNELBASE.dll
0x00007ffe12250000 - 0x00007ffe1239b000 	C:\WINDOWS\System32\ucrtbase.dll
0x00007ffdf8ab0000 - 0x00007ffdf8ac9000 	C:\Program Files\Java\jdk-21\bin\jli.dll
0x00007ffe14eb0000 - 0x00007ffe14f6b000 	C:\WINDOWS\System32\ADVAPI32.dll
0x00007ffdf8a90000 - 0x00007ffdf8aab000 	C:\Program Files\Java\jdk-21\bin\VCRUNTIME140.dll
0x00007ffe14430000 - 0x00007ffe144d9000 	C:\WINDOWS\System32\msvcrt.dll
0x00007ffe13dd0000 - 0x00007ffe13e77000 	C:\WINDOWS\System32\sechost.dll
0x00007ffe14d50000 - 0x00007ffe14e68000 	C:\WINDOWS\System32\RPCRT4.dll
0x00007ffe15490000 - 0x00007ffe15655000 	C:\WINDOWS\System32\USER32.dll
0x00007ffe11f80000 - 0x00007ffe11fa7000 	C:\WINDOWS\System32\win32u.dll
0x00007ffe15460000 - 0x00007ffe1548b000 	C:\WINDOWS\System32\GDI32.dll
0x00007ffe12120000 - 0x00007ffe1224b000 	C:\WINDOWS\System32\gdi32full.dll
0x00007ffe12520000 - 0x00007ffe125c3000 	C:\WINDOWS\System32\msvcp_win.dll
0x00007ffdf4eb0000 - 0x00007ffdf5143000 	C:\WINDOWS\WinSxS\amd64_microsoft.windows.common-controls_6595b64144ccf1df_6.0.26100.8037_none_3e092faae333b53b\COMCTL32.dll
0x00007ffe085d0000 - 0x00007ffe085db000 	C:\WINDOWS\SYSTEM32\VERSION.dll
0x00007ffe14e70000 - 0x00007ffe14ea1000 	C:\WINDOWS\System32\IMM32.DLL
0x00007ffdf8a80000 - 0x00007ffdf8a8c000 	C:\Program Files\Java\jdk-21\bin\vcruntime140_1.dll
0x00007ffdf89f0000 - 0x00007ffdf8a7e000 	C:\Program Files\Java\jdk-21\bin\msvcp140.dll
0x00007ffd1b930000 - 0x00007ffd1c63d000 	C:\Program Files\Java\jdk-21\bin\server\jvm.dll
0x00007ffe13f80000 - 0x00007ffe13ff4000 	C:\WINDOWS\System32\WS2_32.dll
0x00007ffe04660000 - 0x00007ffe04695000 	C:\WINDOWS\SYSTEM32\WINMM.dll
0x00007ffe11b70000 - 0x00007ffe11bce000 	C:\WINDOWS\SYSTEM32\POWRPROF.dll
0x00007ffe11b50000 - 0x00007ffe11b64000 	C:\WINDOWS\SYSTEM32\UMPDC.dll
0x00007ffe10ce0000 - 0x00007ffe10cfb000 	C:\WINDOWS\SYSTEM32\kernel.appcore.dll
0x00007ffdf89e0000 - 0x00007ffdf89ea000 	C:\Program Files\Java\jdk-21\bin\jimage.dll
0x00007ffe0fdc0000 - 0x00007ffe10002000 	C:\WINDOWS\SYSTEM32\DBGHELP.DLL
0x00007ffe150d0000 - 0x00007ffe15452000 	C:\WINDOWS\System32\combase.dll
0x00007ffe14160000 - 0x00007ffe14237000 	C:\WINDOWS\System32\OLEAUT32.dll
0x00007ffdf9430000 - 0x00007ffdf946b000 	C:\WINDOWS\SYSTEM32\dbgcore.DLL
0x00007ffe12f90000 - 0x00007ffe13035000 	C:\WINDOWS\System32\bcryptPrimitives.dll
0x00007ffdf89a0000 - 0x00007ffdf89dc000 	C:\Program Files\Java\jdk-21\bin\jdwp.dll
0x00007ffdf8990000 - 0x00007ffdf899f000 	C:\Program Files\Java\jdk-21\bin\instrument.dll
0x00007ffdf8970000 - 0x00007ffdf898f000 	C:\Program Files\Java\jdk-21\bin\java.dll
0x00007ffe13660000 - 0x00007ffe13dbf000 	C:\WINDOWS\System32\SHELL32.dll
0x00007ffe11fb0000 - 0x00007ffe1211a000 	C:\WINDOWS\System32\wintypes.dll
0x00007ffe12720000 - 0x00007ffe12f84000 	C:\WINDOWS\System32\windows.storage.dll
0x00007ffe14bd0000 - 0x00007ffe14cc7000 	C:\WINDOWS\System32\SHCORE.dll
0x00007ffe135f0000 - 0x00007ffe13657000 	C:\WINDOWS\System32\shlwapi.dll
0x00007ffe11ea0000 - 0x00007ffe11ec9000 	C:\WINDOWS\SYSTEM32\profapi.dll
0x00007ffdf5a60000 - 0x00007ffdf5a6c000 	C:\Program Files\Java\jdk-21\bin\dt_socket.dll
0x00007ffe106c0000 - 0x00007ffe106f3000 	C:\WINDOWS\SYSTEM32\IPHLPAPI.DLL
0x00007ffe11260000 - 0x00007ffe112cb000 	C:\WINDOWS\system32\mswsock.dll
0x00007ffe10750000 - 0x00007ffe1087a000 	C:\WINDOWS\SYSTEM32\DNSAPI.dll
0x00007ffe14420000 - 0x00007ffe1442a000 	C:\WINDOWS\System32\NSI.dll
0x00007ffe09db0000 - 0x00007ffe09dbb000 	C:\Windows\System32\rasadhlp.dll
0x00007ffe0a360000 - 0x00007ffe0a3e6000 	C:\WINDOWS\System32\fwpuclnt.dll
0x00007ffdf5a40000 - 0x00007ffdf5a58000 	C:\Program Files\Java\jdk-21\bin\zip.dll
0x00007ffdf5a30000 - 0x00007ffdf5a40000 	C:\Program Files\Java\jdk-21\bin\net.dll
0x00007ffe09df0000 - 0x00007ffe09f17000 	C:\WINDOWS\SYSTEM32\WINHTTP.dll
0x00007ffdf5a10000 - 0x00007ffdf5a26000 	C:\Program Files\Java\jdk-21\bin\nio.dll
0x00007ffdf5a00000 - 0x00007ffdf5a0a000 	C:\Program Files\Java\jdk-21\bin\management.dll
0x00007ffdf59f0000 - 0x00007ffdf59fb000 	C:\Program Files\Java\jdk-21\bin\management_ext.dll
0x00007ffe144e0000 - 0x00007ffe144e8000 	C:\WINDOWS\System32\PSAPI.DLL
0x00007ffe075a0000 - 0x00007ffe075b8000 	C:\WINDOWS\system32\napinsp.dll
0x00007ffde6e70000 - 0x00007ffde6e82000 	C:\WINDOWS\System32\winrnr.dll
0x00007ffde6aa0000 - 0x00007ffde6ac2000 	C:\WINDOWS\system32\nlansp_c.dll
0x00007ffde6a80000 - 0x00007ffde6a96000 	C:\WINDOWS\system32\wshbth.dll
0x00007ffe11560000 - 0x00007ffe1157b000 	C:\WINDOWS\SYSTEM32\CRYPTSP.dll
0x00007ffe10c40000 - 0x00007ffe10c79000 	C:\WINDOWS\system32\rsaenh.dll
0x00007ffe11330000 - 0x00007ffe11362000 	C:\WINDOWS\SYSTEM32\USERENV.dll
0x00007ffe11e70000 - 0x00007ffe11e9a000 	C:\WINDOWS\SYSTEM32\bcrypt.dll
0x00007ffe11580000 - 0x00007ffe1158c000 	C:\WINDOWS\SYSTEM32\CRYPTBASE.dll
0x00007ffdf59e0000 - 0x00007ffdf59e9000 	C:\Program Files\Java\jdk-21\bin\extnet.dll
0x00007ffdf59d0000 - 0x00007ffdf59e0000 	C:\Program Files\Java\jdk-21\bin\verify.dll
0x00007ffdf5990000 - 0x00007ffdf599e000 	C:\Program Files\Java\jdk-21\bin\sunmscapi.dll
0x00007ffe123a0000 - 0x00007ffe12517000 	C:\WINDOWS\System32\CRYPT32.dll
0x00007ffe117f0000 - 0x00007ffe11820000 	C:\WINDOWS\SYSTEM32\ncrypt.dll
0x00007ffe117a0000 - 0x00007ffe117df000 	C:\WINDOWS\SYSTEM32\NTASN1.dll
0x00007ffde5390000 - 0x00007ffde5398000 	C:\WINDOWS\system32\wshunix.dll

dbghelp: loaded successfully - version: 4.0.5 - missing functions: none
symbol engine: initialized successfully - sym options: 0x614 - pdb path: .;C:\Program Files\Java\jdk-21\bin;C:\WINDOWS\SYSTEM32;C:\WINDOWS\WinSxS\amd64_microsoft.windows.common-controls_6595b64144ccf1df_6.0.26100.8037_none_3e092faae333b53b;C:\Program Files\Java\jdk-21\bin\server

VM Arguments:
jvm_args: -XX:+ShowCodeDetailsInExceptionMessages -agentlib:jdwp=transport=dt_socket,suspend=y,address=localhost:52376 -Dcom.sun.management.jmxremote -Dcom.sun.management.jmxremote.port=52374 -Dcom.sun.management.jmxremote.authenticate=false -Dcom.sun.management.jmxremote.ssl=false -Djava.rmi.server.hostname=localhost -Dspring.jmx.enabled=true -Dmanagement.endpoints.jmx.exposure.include=* -Dspring.application.admin.enabled=true -Dspring.output.ansi.enabled=always -XX:TieredStopAtLevel=1 -Dspring.boot.project.name=cinema-booking-BE -javaagent:C:\Developer\sts-4.32.0.RELEASE\configuration\org.eclipse.osgi\272\0\.cp\lib\javaagent-shaded.jar -Dfile.encoding=UTF-8 -Dstdout.encoding=UTF-8 -Dstderr.encoding=UTF-8 
java_command: CinemaBooking.Group2.CinemaBookingBeApplication
java_class_path (initial): D:\Dev\cinema-booking-BE\target\classes;C:\Users\minhp\.m2\repository\org\springframework\boot\spring-boot-starter-webmvc\4.0.0\spring-boot-starter-webmvc-4.0.0.jar;C:\Users\minhp\.m2\repository\org\springframework\boot\spring-boot-starter\4.0.0\spring-boot-starter-4.0.0.jar;C:\Users\minhp\.m2\repository\org\springframework\boot\spring-boot-starter-logging\4.0.0\spring-boot-starter-logging-4.0.0.jar;C:\Users\minhp\.m2\repository\ch\qos\logback\logback-classic\1.5.21\logback-classic-1.5.21.jar;C:\Users\minhp\.m2\repository\ch\qos\logback\logback-core\1.5.21\logback-core-1.5.21.jar;C:\Users\minhp\.m2\repository\org\apache\logging\log4j\log4j-to-slf4j\2.25.2\log4j-to-slf4j-2.25.2.jar;C:\Users\minhp\.m2\repository\org\apache\logging\log4j\log4j-api\2.25.2\log4j-api-2.25.2.jar;C:\Users\minhp\.m2\repository\org\slf4j\jul-to-slf4j\2.0.17\jul-to-slf4j-2.0.17.jar;C:\Users\minhp\.m2\repository\jakarta\annotation\jakarta.annotation-api\3.0.0\jakarta.annotation-api-3.0.0.jar;C:\Users\minhp\.m2\repository\org\yaml\snakeyaml\2.5\snakeyaml-2.5.jar;C:\Users\minhp\.m2\repository\org\springframework\boot\spring-boot-starter-jackson\4.0.0\spring-boot-starter-jackson-4.0.0.jar;C:\Users\minhp\.m2\repository\org\springframework\boot\spring-boot-jackson\4.0.0\spring-boot-jackson-4.0.0.jar;C:\Users\minhp\.m2\repository\tools\jackson\core\jackson-databind\3.0.2\jackson-databind-3.0.2.jar;C:\Users\minhp\.m2\repository\tools\jackson\core\jackson-core\3.0.2\jackson-core-3.0.2.jar;C:\Users\minhp\.m2\repository\org\springframework\boot\spring-boot-http-converter\4.0.0\spring-boot-http-converter-4.0.0.jar;C:\Users\minhp\.m2\repository\org\springframework\spring-web\7.0.1\spring-web-7.0.1.jar;C:\Users\minhp\.m2\repository\io\micrometer\micrometer-observation\1.16.0\micrometer-observation-1.16.0.jar;C:\Users\minhp\.m2\repository\io\micrometer\micrometer-commons\1.16.0\micrometer-commons-1.16.0.jar;C:\Users\minhp\.m2\repository\org\springframework\boot\spring-boot-webmvc\4.0.0\spring-boot-webmvc-4.0.0.jar;C:\Users\minhp\.m2\repository\org\springframework\boot\spring-boot-servlet\4.0.0\spring-boot-servlet-4.0.0.jar;C:\Users\minhp\.m2\repository\org\springframework\spring-webmvc\7.0.1\spring-webmvc-7.0.1.jar;C:\Users\minhp\.m2\repository\org\springframework\spring-expression\7.0.1\spring-expression-7.0.1.jar;C:\Users\minhp\.m2\repository\org\springframework\boot\spring-boot-starter-jdbc\4.0.0\spring-boot-starter-jdbc-4.0.0.jar;C:\Users\minhp\.m2\repository\org\springframework\boot\spring-boot-jdbc\4.0.0\spring-boot-jdbc-4.0.0.jar;C:\Users\minhp\.m2\repository\org\springframework\boot\spring-boot-sql\4.0.0\spring-boot-sql-4.0.0.jar;C:\Users\minhp\.m2\repository\org\springframework\boot\spring-boot-transaction\4.0.0\spring-boot-transaction-4.0.0.jar;C:\Users\minhp\.m2\repository\org\springframework\boot\spring-boot-persistence\4.0.0\spring-boot-persistence-4.0.0.jar;C:\Users\minhp\.m2\repository\org\springframework\spring-tx\7.0.1\spring-tx-7.0.1.jar;C:\Users\minhp\.m2\repository\org\springframework\spring-jdbc\7.0.1\spring-jdbc-7.0.1.jar;C:\Users\minhp\.m2\repository\com\zaxxer\HikariCP\7.0.2\HikariCP-7.0.2.jar;C:\Users\minhp\.m2\repository\org\slf4j\slf4j-api\2.0.17\slf4j-api-2.0.17.jar;C:\Users\minhp\.m2\repository\org\springframework\boot\spring-boot-devtools\4.0.0\spring-boot-devtools-4.0.0.jar;C:\Users\minhp\.m2\repository\org\springframework\boot\spring-boot\4.0.0\spring-boot-4.0.0.jar;C:\Users\minhp\.m2\repository\org\springframework\spring-context\7.0.1\spring-context-7.0.1.jar;C:\Users\minhp\.m2\repository\org\springframework\boot\spring-boot-autoconfigure\4.0.0\spring-boot-autoconfigure-4.0.0.jar;C:\Users\minhp\.m2\repository\org\springframework\boot\spring-boot-starter-tomcat\4.0.0\spring-boot-starter-tomcat-4.0.0.jar;C:\Users\minhp\.m2\repository\org\springframework\boot\spring-boot-starter-tomcat-runtime\4.0.0\spring-boot-starter-tomcat-runtime-4.0.0.jar;C:\Users\minhp\.m2\repository\org\springframework\boot\spring-boot-web-server\4.0.0\spring-boot-web-server-4.0.0.jar;C:\Users\minhp\.m2\repository\org\apache\tomcat\embed\tomcat-embed-core\11.0.14\tomcat-embed-core-11.0.14.jar;C:\Users\minhp\.m2\repository\org\apache\tomcat\embed\tomcat-embed-el\11.0.14\tomcat-embed-el-11.0.14.jar;C:\Users\minhp\.m2\repository\org\apache\tomcat\embed\tomcat-embed-websocket\11.0.14\tomcat-embed-websocket-11.0.14.jar;C:\Users\minhp\.m2\repository\org\springframework\boot\spring-boot-tomcat\4.0.0\spring-boot-tomcat-4.0.0.jar;C:\Users\minhp\.m2\repository\jakarta\xml\bind\jakarta.xml.bind-api\4.0.4\jakarta.xml.bind-api-4.0.4.jar;C:\Users\minhp\.m2\repository\jakarta\activation\jakarta.activation-api\2.1.4\jakarta.activation-api-2.1.4.jar;C:\Users\minhp\.m2\repository\org\springframework\spring-core\7.0.1\spring-core-7.0.1.jar;C:\Users\minhp\.m2\repository\commons-logging\commons-logging\1.3.5\commons-logging-1.3.5.jar;C:\Users\minhp\.m2\repository\org\jspecify\jspecify\1.0.0\jspecify-1.0.0.jar;C:\Users\minhp\.m2\repository\com\mysql\mysql-connector-j\8.0.33\mysql-connector-j-8.0.33.jar;C:\Users\minhp\.m2\repository\io\jsonwebtoken\jjwt-api\0.12.6\jjwt-api-0.12.6.jar;C:\Users\minhp\.m2\repository\io\jsonwebtoken\jjwt-impl\0.12.6\jjwt-impl-0.12.6.jar;C:\Users\minhp\.m2\repository\org\springdoc\springdoc-openapi-starter-webmvc-ui\2.3.0\springdoc-openapi-starter-webmvc-ui-2.3.0.jar;C:\Users\minhp\.m2\repository\org\springdoc\springdoc-openapi-starter-webmvc-api\2.3.0\springdoc-openapi-starter-webmvc-api-2.3.0.jar;C:\Users\minhp\.m2\repository\org\springdoc\springdoc-openapi-starter-common\2.3.0\springdoc-openapi-starter-common-2.3.0.jar;C:\Users\minhp\.m2\repository\io\swagger\core\v3\swagger-core-jakarta\2.2.19\swagger-core-jakarta-2.2.19.jar;C:\Users\minhp\.m2\repository\org\apache\commons\commons-lang3\3.19.0\commons-lang3-3.19.0.jar;C:\Users\minhp\.m2\repository\io\swagger\core\v3\swagger-annotations-jakarta\2.2.19\swagger-annotations-jakarta-2.2.19.jar;C:\Users\minhp\.m2\repository\io\swagger\core\v3\swagger-models-jakarta\2.2.19\swagger-models-jakarta-2.2.19.jar;C:\Users\minhp\.m2\repository\com\fasterxml\jackson\dataformat\jackson-dataformat-yaml\2.20.1\jackson-dataformat-yaml-2.20.1.jar;C:\Users\minhp\.m2\repository\org\webjars\swagger-ui\5.10.3\swagger-ui-5.10.3.jar;C:\Users\minhp\.m2\repository\io\jsonwebtoken\jjwt-jackson\0.12.6\jjwt-jackson-0.12.6.jar;C:\Users\minhp\.m2\repository\com\fasterxml\jackson\core\jackson-databind\2.20.1\jackson-databind-2.20.1.jar;C:\Users\minhp\.m2\repository\org\springframework\boot\spring-boot-starter-validation\4.0.0\spring-boot-starter-validation-4.0.0.jar;C:\Users\minhp\.m2\repository\org\springframework\boot\spring-boot-validation\4.0.0\spring-boot-validation-4.0.0.jar;C:\Users\minhp\.m2\repository\org\hibernate\validator\hibernate-validator\9.0.1.Final\hibernate-validator-9.0.1.Final.jar;C:\Users\minhp\.m2\repository\jakarta\validation\jakarta.validation-api\3.1.1\jakarta.validation-api-3.1.1.jar;C:\Users\minhp\.m2\repository\org\jboss\logging\jboss-logging\3.6.1.Final\jboss-logging-3.6.1.Final.jar;C:\Users\minhp\.m2\repository\com\fasterxml\classmate\1.7.1\classmate-1.7.1.jar;C:\Users\minhp\.m2\repository\org\projectlombok\lombok\1.18.42\lombok-1.18.42.jar;C:\Users\minhp\.m2\repository\jakarta\servlet\jakarta.servlet-api\5.0.0\jakarta.servlet-api-5.0.0.jar;C:\Users\minhp\.m2\repository\org\springframework\boot\spring-boot-starter-security\4.0.0\spring-boot-starter-security-4.0.0.jar;C:\Users\minhp\.m2\repository\org\springframework\boot\spring-boot-security\4.0.0\spring-boot-security-4.0.0.jar;C:\Users\minhp\.m2\repository\org\springframework\security\spring-security-config\7.0.0\spring-security-config-7.0.0.jar;C:\Users\minhp\.m2\repository\org\springframework\security\spring-security-core\7.0.0\spring-security-core-7.0.0.jar;C:\Users\minhp\.m2\repository\org\springframework\security\spring-security-crypto\7.0.0\spring-security-crypto-7.0.0.jar;C:\Users\minhp\.m2\repository\org\springframework\security\spring-security-web\7.0.0\spring-security-web-7.0.0.jar;C:\Users\minhp\.m2\repository\org\springframework\spring-aop\7.0.1\spring-aop-7.0.1.jar;C:\Users\minhp\.m2\repository\org\springframework\spring-beans\7.0.1\spring-beans-7.0.1.jar;C:\Users\minhp\.m2\repository\com\resend\resend-java\2.0.0\resend-java-2.0.0.jar;C:\Users\minhp\.m2\repository\com\fasterxml\jackson\core\jackson-core\2.20.1\jackson-core-2.20.1.jar;C:\Users\minhp\.m2\repository\com\fasterxml\jackson\core\jackson-annotations\2.20\jackson-annotations-2.20.jar;C:\Users\minhp\.m2\repository\com\fasterxml\jackson\datatype\jackson-datatype-jsr310\2.20.1\jackson-datatype-jsr310-2.20.1.jar;C:\Users\minhp\.m2\repository\com\squareup\okhttp3\okhttp\4.11.0\okhttp-4.11.0.jar;C:\Users\minhp\.m2\repository\com\squareup\okio\okio\3.2.0\okio-3.2.0.jar;C:\Users\minhp\.m2\repository\com\squareup\okio\okio-jvm\3.2.0\okio-jvm-3.2.0.jar;C:\Users\minhp\.m2\repository\org\jetbrains\kotlin\kotlin-stdlib-common\1.6.20\kotlin-stdlib-common-1.6.20.jar;C:\Users\minhp\.m2\repository\org\jetbrains\kotlin\kotlin-stdlib\2.2.21\kotlin-stdlib-2.2.21.jar;C:\Users\minhp\.m2\repository\org\jetbrains\annotations\13.0\annotations-13.0.jar;C:\Users\minhp\.m2\repository\org\jetbrains\kotlin\kotlin-stdlib-jdk8\2.2.21\kotlin-stdlib-jdk8-2.2.21.jar;C:\Users\minhp\.m2\repository\org\jetbrains\kotlin\kotlin-stdlib-jdk7\2.2.21\kotlin-stdlib-jdk7-2.2.21.jar;C:\Users\minhp\.m2\repository\org\springframework\boot\spring-boot-starter-mail\4.0.0\spring-boot-starter-mail-4.0.0.jar;C:\Users\minhp\.m2\repository\org\springframework\boot\spring-boot-mail\4.0.0\spring-boot-mail-4.0.0.jar;C:\Users\minhp\.m2\repository\org\springframework\spring-context-support\7.0.1\spring-context-support-7.0.1.jar;C:\Users\minhp\.m2\repository\jakarta\mail\jakarta.mail-api\2.1.5\jakarta.mail-api-2.1.5.jar;C:\Users\minhp\.m2\repository\org\eclipse\angus\angus-mail\2.0.5\angus-mail-2.0.5.jar;C:\Users\minhp\.m2\repository\org\eclipse\angus\angus-activation\2.0.3\angus-activation-2.0.3.jar;C:\Users\minhp\.m2\repository\com\google\zxing\core\3.5.3\core-3.5.3.jar;C:\Users\minhp\.m2\repository\com\google\zxing\javase\3.5.3\javase-3.5.3.jar;C:\Users\minhp\.m2\repository\com\beust\jcommander\1.82\jcommander-1.82.jar;C:\Users\minhp\.m2\repository\com\github\jai-imageio\jai-imageio-core\1.4.0\jai-imageio-core-1.4.0.jar
Launcher Type: SUN_STANDARD

[Global flags]
     intx CICompilerCount                          = 12                                        {product} {ergonomic}
     uint ConcGCThreads                            = 3                                         {product} {ergonomic}
     uint G1ConcRefinementThreads                  = 13                                        {product} {ergonomic}
   size_t G1HeapRegionSize                         = 2097152                                   {product} {ergonomic}
    uintx GCDrainStackTargetSize                   = 64                                        {product} {ergonomic}
   size_t InitialHeapSize                          = 264241152                                 {product} {ergonomic}
     bool ManagementServer                         = true                                      {product} {command line}
   size_t MarkStackSize                            = 4194304                                   {product} {ergonomic}
   size_t MaxHeapSize                              = 4217372672                                {product} {ergonomic}
   size_t MaxNewSize                               = 2529165312                                {product} {ergonomic}
   size_t MinHeapDeltaBytes                        = 2097152                                   {product} {ergonomic}
   size_t MinHeapSize                              = 8388608                                   {product} {ergonomic}
    uintx NonNMethodCodeHeapSize                   = 4096                                   {pd product} {ergonomic}
    uintx NonProfiledCodeHeapSize                  = 0                                      {pd product} {ergonomic}
     bool ProfileInterpreter                       = false                                  {pd product} {command line}
    uintx ProfiledCodeHeapSize                     = 0                                      {pd product} {ergonomic}
     bool ShowCodeDetailsInExceptionMessages       = true                                   {manageable} {command line}
   size_t SoftMaxHeapSize                          = 4217372672                             {manageable} {ergonomic}
     intx TieredStopAtLevel                        = 1                                         {product} {command line}
     bool UseCompressedOops                        = true                           {product lp64_product} {ergonomic}
     bool UseG1GC                                  = true                                      {product} {ergonomic}
     bool UseLargePagesIndividualAllocation        = false                                  {pd product} {ergonomic}

Logging:
Log output configuration:
 #0: stdout all=warning uptime,level,tags foldmultilines=false
 #1: stderr all=off uptime,level,tags foldmultilines=false

Environment Variables:
JAVA_HOME=C:\Program Files\Java\jdk-17
PATH=C:/Developer/sts-4.32.0.RELEASE//plugins/org.eclipse.justj.openjdk.hotspot.jre.full.win32.x86_64_21.0.8.v20250724-1412/jre/bin/server;C:/Developer/sts-4.32.0.RELEASE//plugins/org.eclipse.justj.openjdk.hotspot.jre.full.win32.x86_64_21.0.8.v20250724-1412/jre/bin;C:\Developer\python\Scripts\;C:\Developer\python\;C:\Python313\Scripts\;C:\Python313\;C:\Program Files\Common Files\Oracle\Java\javapath;C:\Program Files (x86)\Common Files\Oracle\Java\java8path;C:\Program Files (x86)\Common Files\Oracle\Java\javapath;C:\Windows\system32;C:\Windows;C:\Windows\System32\Wbem;C:\Windows\System32\WindowsPowerShell\v1.0\;C:\Windows\System32\OpenSSH\;C:\Program Files (x86)\NVIDIA Corporation\PhysX\Common;C:\Program Files\dotnet\;C:\xampp\php;C:\ProgramData\ComposerSetup\bin;C:\Program Files\NVIDIA Corporation\NVIDIA app\NvDLISR;C:\Program Files\Git\cmd;C:\Program Files\Microsoft SQL Server\Client SDK\ODBC\170\Tools\Binn\;C:\WINDOWS\system32;C:\WINDOWS;C:\WINDOWS\System32\Wbem;C:\WINDOWS\System32\WindowsPowerShell\v1.0\;C:\WINDOWS\System32\OpenSSH\;C:\Program Files (x86)\Microsoft SQL Server\160\Tools\Binn\;C:\Program Files\Microsoft SQL Server\160\Tools\Binn\;C:\Program Files\Microsoft SQL Server\160\DTS\Binn\;C:\Program Files (x86)\Microsoft SQL Server\160\DTS\Binn\;C:\Developer\mongosh-2.4.2-win32-x64\bin;C:\Program Files\MongoDB\Tools\100\bin;C:\Program Files\MongoDB\Server\8.0\bin;C:\protoc-31.0-win64\bin;C:\Program Files\Microsoft SQL Server\150\Tools\Binn\;C:\Program Files\nodejs\;C:\ProgramData\chocolatey\bin;C:\Developer\tomcat-10.1.46\bin;C:\Program Files\Java\jdk-17\bin;D:\Dev\Android\flutter\bin;D:\Dev\Android\sdk;D:\Dev\Android\sdk\platform-tools;C:\Program Files\Cloudflare\Cloudflare WARP\;C:\Program Files\MySQL\MySQL Shell 8.0\bin\;C:\Users\minhp\AppData\Local\Microsoft\WindowsApps;C:\Users\minhp\.dotnet\tools;C:\Users\minhp\AppData\Roaming\Composer\vendor\bin;C:\Users\minhp\AppData\Local\GitHubDesktop\bin;C:\Users\minhp\AppData\Roaming\npm;C:\Users\minhp\AppData\Local\Programs\Microsoft VS Code\bin;C:\Developer\sts-4.32.0.RELEASE;
USERNAME=minhp
OS=Windows_NT
PROCESSOR_IDENTIFIER=Intel64 Family 6 Model 154 Stepping 3, GenuineIntel
TMP=C:\Users\minhp\AppData\Local\Temp
TEMP=C:\Users\minhp\AppData\Local\Temp




Periodic native trim disabled

---------------  S Y S T E M  ---------------

OS:
 Windows 11 , 64 bit Build 26100 (10.0.26100.7920)
OS uptime: 0 days 7:16 hours
Hyper-V role detected

CPU: total 16 (initial active 16) (8 cores per cpu, 2 threads per core) family 6 model 154 stepping 3 microcode 0x424, cx8, cmov, fxsr, ht, mmx, 3dnowpref, sse, sse2, sse3, ssse3, sse4.1, sse4.2, popcnt, lzcnt, tsc, tscinvbit, avx, avx2, aes, erms, clmul, bmi1, bmi2, adx, sha, fma, vzeroupper, clflush, clflushopt, clwb, hv, serialize, rdtscp, rdpid, fsrm, f16c, cet_ibt, cet_ss
Processor Information for processor 0
  Max Mhz: 2300, Current Mhz: 2300, Mhz Limit: 2300
Processor Information for processor 1
  Max Mhz: 2300, Current Mhz: 2300, Mhz Limit: 2300
Processor Information for processor 2
  Max Mhz: 2300, Current Mhz: 1506, Mhz Limit: 2300
Processor Information for processor 3
  Max Mhz: 2300, Current Mhz: 2300, Mhz Limit: 2300
Processor Information for processor 4
  Max Mhz: 2300, Current Mhz: 2300, Mhz Limit: 2300
Processor Information for processor 5
  Max Mhz: 2300, Current Mhz: 1506, Mhz Limit: 2300
Processor Information for processor 6
  Max Mhz: 2300, Current Mhz: 2300, Mhz Limit: 2300
Processor Information for processor 7
  Max Mhz: 2300, Current Mhz: 2300, Mhz Limit: 2300
Processor Information for processor 8
  Max Mhz: 2300, Current Mhz: 2300, Mhz Limit: 2300
Processor Information for processor 9
  Max Mhz: 2300, Current Mhz: 2300, Mhz Limit: 2300
Processor Information for processor 10
  Max Mhz: 2300, Current Mhz: 2300, Mhz Limit: 2300
Processor Information for processor 11
  Max Mhz: 2300, Current Mhz: 2300, Mhz Limit: 2300
Processor Information for processor 12
  Max Mhz: 2300, Current Mhz: 2300, Mhz Limit: 2300
Processor Information for processor 13
  Max Mhz: 2300, Current Mhz: 2300, Mhz Limit: 2300
Processor Information for processor 14
  Max Mhz: 2300, Current Mhz: 1488, Mhz Limit: 2300
Processor Information for processor 15
  Max Mhz: 2300, Current Mhz: 1488, Mhz Limit: 2300

Memory: 4k page, system-wide physical 16087M (962M free)
TotalPageFile size 28017M (AvailPageFile size 1726M)
current process WorkingSet (physical memory assigned to process): 280M, peak: 283M
current process commit charge ("private bytes"): 340M, peak: 368M

vm_info: Java HotSpot(TM) 64-Bit Server VM (21.0.3+7-LTS-152) for windows-amd64 JRE (21.0.3+7-LTS-152), built on 2024-03-11T17:42:26Z by "mach5one" with MS VC++ 17.6 (VS2022)

END.
